Modulo scheduling report for loop #823 in "/media/4T/home/xianyijiang/my_sparta/aie/./ProcessUnit/hdiff_flux2.cc", line 21: (loop #3)
=====================================================================================================================================

Initiation interval (II): 60 cycles (minimum II = 60)
Software pipeline stages: 2 (folded over 1 iterations), minimum: 2
Total iteration length: 120 cycles
Aggressively scheduled: 1
Aggressively folded: 1

Min II:
-------

 * Critical cycle: b46 -[8]-> b47 -[1,BP1]-> b48 -[2]-> b50 -[1]-> b51 -[8]-> b52 -[1,BP1]-> b53 -[2]-> b56 -[1]-> b57 -[8]-> b58 -[1,BP1]-> b59 -[2]-> b63 -[1]-> b64 -[8]-> b65 -[1,BP1]-> b66 -[2]-> b70 -[1]-> b71 -[8]-> b72 -[1,BP1]-> b73 -[2]-> b76 -[A:1,LC]-> b46 , delay: 60, loop degree: 1 => length critical cycle: 60

    details:

       b46  LDA p7, [p0, cs0] [/usr/xilinx/Vitis/2023.2/aietools/include/adf/window/window.h:1026:2]
         |
         |
        [8]     flow dep: __tmp.1776 in P[7] 
         |
         v
       b47  VLDA wr0, [p7], m0, cyc2 [/usr/xilinx/Vitis/2023.2/aietools/include/adf/window/window.h:1026:2]
         |
         |
        [1]     flow dep: __tmp.1778 in P[7] , bypassed 1
         |
         v
       b48  VLDA wr2, [p7], m0, cyc2 [/usr/xilinx/Vitis/2023.2/aietools/include/adf/window/window.h:1026:2]
         |
         |
        [2]     flow dep: __tmp.1780 in P[7] 
         |
         v
       b50  ST p7, [p0, cs0] [/usr/xilinx/Vitis/2023.2/aietools/include/adf/window/window.h:1026:2]
         |
         |
        [1]     flow dep: __ali0.867 
         |
         v
       b51  LDA p7, [p1, cs0] [/usr/xilinx/Vitis/2023.2/aietools/include/adf/window/window.h:1026:2]
         |
         |
        [8]     flow dep: __tmp.1782 in P[7] 
         |
         v
       b52  VLDA wr0, [p7], m0, cyc3 [/usr/xilinx/Vitis/2023.2/aietools/include/adf/window/window.h:1026:2]
         |
         |
        [1]     flow dep: __tmp.1784 in P[7] , bypassed 1
         |
         v
       b53  VLDA wr2, [p7], m0, cyc3 [/usr/xilinx/Vitis/2023.2/aietools/include/adf/window/window.h:1026:2]
         |
         |
        [2]     flow dep: __tmp.1786 in P[7] 
         |
         v
       b56  ST p7, [p1, cs0] [/usr/xilinx/Vitis/2023.2/aietools/include/adf/window/window.h:1026:2]
         |
         |
        [1]     flow dep: __ali0.872 
         |
         v
       b57  LDA p7, [p2, cs0] [/usr/xilinx/Vitis/2023.2/aietools/include/adf/window/window.h:1026:2]
         |
         |
        [8]     flow dep: __tmp.1788 in P[7] 
         |
         v
       b58  VLDA wd0, [p7], m0, cyc4 [/usr/xilinx/Vitis/2023.2/aietools/include/adf/window/window.h:1026:2]
         |
         |
        [1]     flow dep: __tmp.1790 in P[7] , bypassed 1
         |
         v
       b59  VLDA wr2, [p7], m0, cyc4 [/usr/xilinx/Vitis/2023.2/aietools/include/adf/window/window.h:1026:2]
         |
         |
        [2]     flow dep: __tmp.1826 in P[7] 
         |
         v
       b63  ST p7, [p2, cs0] [/usr/xilinx/Vitis/2023.2/aietools/include/adf/window/window.h:1026:2]
         |
         |
        [1]     flow dep: __ali0.877 
         |
         v
       b64  LDA p7, [p3, cs0] [/usr/xilinx/Vitis/2023.2/aietools/include/adf/window/window.h:1026:2]
         |
         |
        [8]     flow dep: __tmp.1828 in P[7] 
         |
         v
       b65  VLDA wd0, [p7], m0, cyc5 [/usr/xilinx/Vitis/2023.2/aietools/include/adf/window/window.h:1026:2]
         |
         |
        [1]     flow dep: __tmp.1830 in P[7] , bypassed 1
         |
         v
       b66  VLDA wr2, [p7], m0, cyc5 [/usr/xilinx/Vitis/2023.2/aietools/include/adf/window/window.h:1026:2]
         |
         |
        [2]     flow dep: __tmp.1862 in P[7] 
         |
         v
       b70  ST p7, [p3, cs0] [/usr/xilinx/Vitis/2023.2/aietools/include/adf/window/window.h:1026:2]
         |
         |
        [1]     flow dep: __ali0.882 
         |
         v
       b71  LDA p7, [p4, cs0] [/usr/xilinx/Vitis/2023.2/aietools/include/adf/window/window.h:1026:2]
         |
         |
        [8]     flow dep: __tmp.1864 in P[7] 
         |
         v
       b72  VLDA wr1, [p7], m0, cyc6 [/usr/xilinx/Vitis/2023.2/aietools/include/adf/window/window.h:1026:2]
         |
         |
        [1]     flow dep: __tmp.1866 in P[7] , bypassed 1
         |
         v
       b73  VLDA wr0, [p7], m0, cyc6 [/usr/xilinx/Vitis/2023.2/aietools/include/adf/window/window.h:1026:2]
         |
         |
        [2]     flow dep: __tmp.1881 in P[7] 
         |
         v
       b76  ST p7, [p4, cs0] [/usr/xilinx/Vitis/2023.2/aietools/include/adf/window/window.h:1026:2]
         |
         |
       [1,LC]   anti dep: __tmp.1881 in P[7] -> __tmp.1776 in P[7] ; loop carried
         |
         v
       b46  LDA p7, [p0, cs0] [/usr/xilinx/Vitis/2023.2/aietools/include/adf/window/window.h:1026:2]

    Total delay: 60, total loop degree: 1 => length critical cycle: 60

 * Lower bound due to resources: 23

    Critical transitories: dm_stack, sp_r

 * Minimum control cycles: 0

 => Lower bound for software pipelined schedule: 60 cycles

Schedule:
---------

 0:  b46  '0' @  0 (LDA p7, [p0, cs0])                                           b423 '1' @ 60 (VLDB wr3, [sp, #-352])                                      
 1:  b427 '1' @ 61 (VLDA.SPIL wr3, [sp, #-288])                                 
 2:  b60  '1' @ 62 (VSEL xd, ya.s32, r0, c0, r1, c0, c3, r2)                     b426 '1' @ 62 (VLDA.SPIL wr2, [sp, #-256])                                 
 3:  b74  '1' @ 63 (VSEL xc, yd.s32, r0, c0, r1, c0, c3, r6)                    
 4: 
 5:  b440 '1' @ 65 (VLDA.SPIL wr2, [sp, #-128])                                 
 6:  b338 '1' @ 66 (VLDA.SPIL wc1, [sp, #-32])                                  
 7:  b62  '1' @ 67 (VCMP xd, r7, yd.s32, r0, c0, r1, c0, c6)                     b441 '1' @ 67 (VLDA.SPIL wr3, [sp, #-160])                                 
 8:  b47  '0' @  8 (VLDA wr0, [p7], m0, cyc2)                                   
 9:  b48  '0' @  9 (VLDA wr2, [p7], m0, cyc2)                                    b69  '1' @ 69 (VCMP xd, r7, yd.s32, r0, c0, r1, c0, c6)                     b233 '1' @ 69 (VMOV xb, xc)                                                
10: 
11:  b50  '0' @ 11 (ST p7, [p0, cs0])                                            b75  '1' @ 71 (VCMP xd, r7, yd.s32, r0, c0, r1, c0, c7)                    
12:  b51  '0' @ 12 (LDA p7, [p1, cs0])                                          
13:  b77  '1' @ 73 (VMUL.80 bm0, yd.s32, r0, c0, r0, wc1.s32, #0, c5, c1)       
14:  b78  '1' @ 74 (VMAC.80 bm0, ya.s32, r13, c0, r0, c0, c4)                   
15: 
16: 
17:  b434 '0' @ 17 (VLDA.SPIL wd0, [sp, #-64])                                  
18:  b435 '0' @ 18 (VLDA.SPIL wd1, [sp, #-96])                                  
19: 
20:  b52  '0' @ 20 (VLDA wr0, [p7], m0, cyc3)                                    b79  '1' @ 80 (VST.80.SRSS bm0, s0, [p5], m0, cyc1)                        
21:  b53  '0' @ 21 (VLDA wr2, [p7], m0, cyc3)                                   
22: 
23:  b56  '0' @ 23 (ST p7, [p1, cs0])                                           
24:  b57  '0' @ 24 (LDA p7, [p2, cs0])                                          
25:  b49  '0' @ 25 (VCMP xc, r3, yd.s32, r12, c0, r0, c0, c2)                    b288 '0' @ 25 (VMOV xb, xd)                                                
26:  b54  '0' @ 26 (VSEL xc, ya.s32, r0, c0, r1, c0, c3, r3)                    
27: 
28: 
29: 
30: 
31: 
32:  b58  '0' @ 32 (VLDA wd0, [p7], m0, cyc4)                                   
33:  b59  '0' @ 33 (VLDA wr2, [p7], m0, cyc4)                                   
34: 
35:  b63  '0' @ 35 (ST p7, [p2, cs0])                                           
36:  b64  '0' @ 36 (LDA p7, [p3, cs0])                                          
37: 
38:  b55  '0' @ 38 (VCMP xc, r2, yd.s32, r0, c0, r0, c0, c2)                     b420 '0' @ 38 (VST.SPIL wc0, [sp, #-320])                                  
39:  b421 '0' @ 39 (VST.SPIL wc1, [sp, #-352])                                  
40:  b429 '0' @ 40 (VLDA.SPIL wr1, [sp, #-96])                                  
41:  b428 '0' @ 41 (VLDA.SPIL wr0, [sp, #-64])                                  
42:  b436 '0' @ 42 (VLDA.SPIL wr2, [sp, #-64])                                  
43:  b437 '0' @ 43 (VLDA.SPIL wr3, [sp, #-96])                                  
44:  b65  '0' @ 44 (VLDA wd0, [p7], m0, cyc5)                                   
45:  b66  '0' @ 45 (VLDA wr2, [p7], m0, cyc5)                                    b431 '0' @ 45 (VST.SPIL wr1, [sp, #-224])                                  
46:  b430 '0' @ 46 (VST.SPIL wr0, [sp, #-192])                                  
47:  b70  '0' @ 47 (ST p7, [p3, cs0])                                           
48:  b61  '0' @ 48 (VCMP xc, r5, ya.s32, r0, c0, r0, c0, c2)                     b71  '0' @ 48 (LDA p7, [p4, cs0])                                          
49: 
50:  b67  '0' @ 50 (VSEL xc, yd.s32, r0, c0, r1, c0, c3, r5)                    
51: 
52:  b432 '0' @ 52 (VLDA.SPIL wr0, [sp, #-192])                                 
53:  b433 '0' @ 53 (VLDA.SPIL wr1, [sp, #-224])                                 
54:  b438 '0' @ 54 (VLDA.SPIL wr2, [sp, #-64])                                  
55:  b439 '0' @ 55 (VLDA.SPIL wr3, [sp, #-96])                                  
56:  b72  '0' @ 56 (VLDA wr1, [p7], m0, cyc6)                                   
57:  b73  '0' @ 57 (VLDA wr0, [p7], m0, cyc6)                                    b424 '0' @ 57 (VST.SPIL wc0, [sp, #-256])                                  
58:  b68  '0' @ 58 (VCMP xc, r6, ya.s32, r0, c0, r0, c0, c2)                     b425 '0' @ 58 (VST.SPIL wc1, [sp, #-288])                                  
59:  b76  '0' @ 59 (ST p7, [p4, cs0])                                            b422 '0' @ 59 (VLDA.SPIL wr2, [sp, #-320])                                 

Register live ranges:
---------------------

Accurate access stages (aggressively scheduled)


Register live ranges for register CS[8]:

                                000000000011111111112222222222333333333344444444445555555555666666666677777777778888888888999999999900000000001111111111222222222233333333334444444444555555555566666666667777777777 000000000011111111112222222222333333333344444444445555555555
                                012345678901234567890123456789012345678901234567890123456789012345678901234567890123456789012345678901234567890123456789012345678901234567890123456789012345678901234567890123456789 012345678901234567890123456789012345678901234567890123456789
CS[6]: span 180, min_span 180  |AAAAAAAAAAAAAAAAAAAAAAAAAAAAAAAAAAAAAAAAAAAAAAAAAAAAAAAAAAAAAAAAAAAAAAAAAAAAAAAAAAAAAAAAAAAAAAAAAAAAAAAAAAAAAAAAAAAAAAAAAAAAAAAAAAAAAAAAAAAAAAAAAAAAAAAAAAAAAAAAAAAAAAAAAAAAAAAAAAAA|AAAAAAAAAAAAAAAAAAAAAAAAAAAAAAAAAAAAAAAAAAAAAAAAAAAAAAAAAAAA| A: __tmp.2256 <117> L0:0
CS[5]: span 180, min_span 180  |BBBBBBBBBBBBBBBBBBBBBBBBBBBBBBBBBBBBBBBBBBBBBBBBBBBBBBBBBBBBBBBBBBBBBBBBBBBBBBBBBBBBBBBBBBBBBBBBBBBBBBBBBBBBBBBBBBBBBBBBBBBBBBBBBBBBBBBBBBBBBBBBBBBBBBBBBBBBBBBBBBBBBBBBBBBBBBBBBBBB|BBBBBBBBBBBBBBBBBBBBBBBBBBBBBBBBBBBBBBBBBBBBBBBBBBBBBBBBBBBB| B: __tmp.2254 <116> L0:0
CS[4]: span 180, min_span 180  |CCCCCCCCCCCCCCCCCCCCCCCCCCCCCCCCCCCCCCCCCCCCCCCCCCCCCCCCCCCCCCCCCCCCCCCCCCCCCCCCCCCCCCCCCCCCCCCCCCCCCCCCCCCCCCCCCCCCCCCCCCCCCCCCCCCCCCCCCCCCCCCCCCCCCCCCCCCCCCCCCCCCCCCCCCCCCCCCCCCC|CCCCCCCCCCCCCCCCCCCCCCCCCCCCCCCCCCCCCCCCCCCCCCCCCCCCCCCCCCCC| C: __tmp.2252 <115> L0:0
CS[3]: span 180, min_span 180  |DDDDDDDDDDDDDDDDDDDDDDDDDDDDDDDDDDDDDDDDDDDDDDDDDDDDDDDDDDDDDDDDDDDDDDDDDDDDDDDDDDDDDDDDDDDDDDDDDDDDDDDDDDDDDDDDDDDDDDDDDDDDDDDDDDDDDDDDDDDDDDDDDDDDDDDDDDDDDDDDDDDDDDDDDDDDDDDDDDDD|DDDDDDDDDDDDDDDDDDDDDDDDDDDDDDDDDDDDDDDDDDDDDDDDDDDDDDDDDDDD| D: __tmp.2250 <114> L0:0
CS[2]: span 180, min_span 180  |EEEEEEEEEEEEEEEEEEEEEEEEEEEEEEEEEEEEEEEEEEEEEEEEEEEEEEEEEEEEEEEEEEEEEEEEEEEEEEEEEEEEEEEEEEEEEEEEEEEEEEEEEEEEEEEEEEEEEEEEEEEEEEEEEEEEEEEEEEEEEEEEEEEEEEEEEEEEEEEEEEEEEEEEEEEEEEEEEEEE|EEEEEEEEEEEEEEEEEEEEEEEEEEEEEEEEEEEEEEEEEEEEEEEEEEEEEEEEEEEE| E: __tmp.2248 <112> L19:27
CS[1]: span 180, min_span 180  |FFFFFFFFFFFFFFFFFFFFFFFFFFFFFFFFFFFFFFFFFFFFFFFFFFFFFFFFFFFFFFFFFFFFFFFFFFFFFFFFFFFFFFFFFFFFFFFFFFFFFFFFFFFFFFFFFFFFFFFFFFFFFFFFFFFFFFFFFFFFFFFFFFFFFFFFFFFFFFFFFFFFFFFFFFFFFFFFFFFF|FFFFFFFFFFFFFFFFFFFFFFFFFFFFFFFFFFFFFFFFFFFFFFFFFFFFFFFFFFFF| F: __tmp.2260 <118> L0:0
CS[0]: span 180, min_span 180  |GGGGGGGGGGGGGGGGGGGGGGGGGGGGGGGGGGGGGGGGGGGGGGGGGGGGGGGGGGGGGGGGGGGGGGGGGGGGGGGGGGGGGGGGGGGGGGGGGGGGGGGGGGGGGGGGGGGGGGGGGGGGGGGGGGGGGGGGGGGGGGGGGGGGGGGGGGGGGGGGGGGGGGGGGGGGGGGGGGGG|GGGGGGGGGGGGGGGGGGGGGGGGGGGGGGGGGGGGGGGGGGGGGGGGGGGGGGGGGGGG| G: __ct_m28.2372 <402> L0:0
CS[7]: span   0, min_span   0  |:...........................................................:...........................................................:...........................................................|............................................................| 


Register live ranges for register VH[8]:

                                000000000011111111112222222222333333333344444444445555555555666666666677777777778888888888999999999900000000001111111111222222222233333333334444444444555555555566666666667777777777 000000000011111111112222222222333333333344444444445555555555
                                012345678901234567890123456789012345678901234567890123456789012345678901234567890123456789012345678901234567890123456789012345678901234567890123456789012345678901234567890123456789 012345678901234567890123456789012345678901234567890123456789
VH[0]: span  60, min_span  50  |:..................aaaaaaaaaAAAbbbbbbbbbbbbbbbbbbbB.CCCCcccccccdddD.eeeeeeeeeeE.........................................:...........................................................|cccdddD.eeeeeeeeeeEaaaaaaaaaAAAbbbbbbbbbbbbbbbbbbbB.CCCCcccc| A: __tmp.2049 <47> L1026:2, B: __tmp.2061 <52> L1026:2, C: __tmp.2704 <428>, D: __tmp.2706 <432>, E: __tmp.1872 <73> L1026:2
VH[2]: span  59, min_span  44  |:...................fffffffffFG.hhhhhhhhhhH.iiiiiiiiIjJ.kkkkkkK..lLl..mM.NoOppP.........................................:...........................................................|kkK..lLl..mM.NoOppP.fffffffffFG.hhhhhhhhhhH.iiiiiiiiIjJ.kkkk| F: __tmp.1807 <48> L1026:2, G: __tmp.2070 <288> L36:10, H: __tmp.1800 <53> L1026:2, I: __tmp.1792 <59> L1026:2, J: __tmp.2710 <436>, K: __tmp.1832 <66> L1026:2, L: __tmp.2712 <438>, M: __tmp.2700 <422>, N: __tmp.2702 <426>, O: __tmp.1850 <233> L83:26, P: __tmp.2714 <440>
VH[6]: span  50, min_span  37  |:...........................qQQQQqqqqqqqqqqrrrrrrrrrRRRssssssssssSSStttT.U.V.W..........................................:...........................................................|sssssSSStttT.U.V.W..........qQQQQqqqqqqqqqqrrrrrrrrrRRRsssss| Q: __tmp.2708 <434>, R: __tmp.1797 <58> L1026:2, S: __tmp.1837 <65> L1026:2, T: __tmp.1814 <60> L49:10, U: __tmp.1823 <62> L53:26, V: __tmp.1839 <69> L68:26, W: __tmp.1860 <75> L83:26
VH[7]: span  49, min_span  37  |:............................XXXXxxxxxxxxxx.................:.......tttT.U.V.W..........................................:...........................................................|........tttT.U.V.W...........XXXXxxxxxxxxxx.................| X: __tmp.2707 <435>, T: __tmp.1814 <60> L49:10, U: __tmp.1823 <62> L53:26, V: __tmp.1839 <69> L68:26, W: __tmp.1860 <75> L83:26
VH[3]: span  49, min_span  39  |:.............................G.......................Y.....:.....Zz...AbBoO..C.........................................:...........................................................|......Zz...AbBoO..C...........G.......................Y.....| G: __tmp.2070 <288> L36:10, Y: __tmp.2709 <437>, Z: __tmp.2711 <439>, A: __tmp.2699 <423>, B: __tmp.2701 <427>, O: __tmp.1850 <233> L83:26, C: __tmp.2713 <441>
VH[4]: span  43, min_span  31  |:..............................deeeeeeeeeeE.f.........g.hhhhhH..i....jjjJJ..............................................:...........................................................|hH..i....jjjJJ.................deeeeeeeeeeE.f.........g.hhhh| D: __seff.1808 <49> L32:10, E: __tmp.1846 <54> L36:10, F: __seff.1801 <55> L45:10, G: __seff.1798 <61> L60:10, H: __tmp.1855 <67> L64:10, I: __seff.1833 <68> L75:10, J: __tmp.1851 <74> L79:10
VH[5]: span  47, min_span  35  |:..............................deeeeeeeeeeeEf.........g.hhhhhhH.i....jjjJJ...K..........................................:...........................................................|hhH.i....jjjJJ...K.............deeeeeeeeeeeEf.........g.hhhh| D: __seff.1808 <49> L32:10, E: __tmp.1846 <54> L36:10, F: __seff.1801 <55> L45:10, G: __seff.1798 <61> L60:10, H: __tmp.1855 <67> L64:10, I: __seff.1833 <68> L75:10, J: __tmp.1851 <74> L79:10, K: __tmp.2201 <338> L91:10
VH[1]: span  28, min_span  15  |:..................................................lLLLLlllllll.mmMnnnnnnnnnnNN.........................................:...........................................................|lll.mmMnnnnnnnnnnNN................................lLLLLllll| L: __tmp.2703 <429>, M: __tmp.2705 <433>, N: __tmp.1868 <72> L1026:2


Register live ranges for register VL[8]:

                                000000000011111111112222222222333333333344444444445555555555666666666677777777778888888888999999999900000000001111111111222222222233333333334444444444555555555566666666667777777777 000000000011111111112222222222333333333344444444445555555555
                                012345678901234567890123456789012345678901234567890123456789012345678901234567890123456789012345678901234567890123456789012345678901234567890123456789012345678901234567890123456789 012345678901234567890123456789012345678901234567890123456789
VL[0]: span  60, min_span  50  |:..................aaaaaaaaaAAAbbbbbbbbbbbbbbbbbbbB.CCCCcccccccdddD.eeeeeeeeeeE.........................................:...........................................................|cccdddD.eeeeeeeeeeEaaaaaaaaaAAAbbbbbbbbbbbbbbbbbbbB.CCCCcccc| A: __tmp.2049 <47> L1026:2, B: __tmp.2061 <52> L1026:2, C: __tmp.2704 <428>, D: __tmp.2706 <432>, E: __tmp.1872 <73> L1026:2
VL[2]: span  59, min_span  44  |:...................fffffffffFG.hhhhhhhhhhH.iiiiiiiiIjJ.kkkkkkK..lLl..mM.NoOppP.........................................:...........................................................|kkK..lLl..mM.NoOppP.fffffffffFG.hhhhhhhhhhH.iiiiiiiiIjJ.kkkk| F: __tmp.1807 <48> L1026:2, G: __tmp.2070 <288> L36:10, H: __tmp.1800 <53> L1026:2, I: __tmp.1792 <59> L1026:2, J: __tmp.2710 <436>, K: __tmp.1832 <66> L1026:2, L: __tmp.2712 <438>, M: __tmp.2700 <422>, N: __tmp.2702 <426>, O: __tmp.1850 <233> L83:26, P: __tmp.2714 <440>
VL[6]: span  50, min_span  37  |:...........................qQQQQqqqqqqqqqqrrrrrrrrrRRRssssssssssSSStttT.U.V.W..........................................:...........................................................|sssssSSStttT.U.V.W..........qQQQQqqqqqqqqqqrrrrrrrrrRRRsssss| Q: __tmp.2708 <434>, R: __tmp.1797 <58> L1026:2, S: __tmp.1837 <65> L1026:2, T: __tmp.1814 <60> L49:10, U: __tmp.1823 <62> L53:26, V: __tmp.1839 <69> L68:26, W: __tmp.1860 <75> L83:26
VL[7]: span  49, min_span  37  |:............................XXXXxxxxxxxxxx.................:.......tttT.U.V.W..........................................:...........................................................|........tttT.U.V.W...........XXXXxxxxxxxxxx.................| X: __tmp.2707 <435>, T: __tmp.1814 <60> L49:10, U: __tmp.1823 <62> L53:26, V: __tmp.1839 <69> L68:26, W: __tmp.1860 <75> L83:26
VL[3]: span  49, min_span  39  |:.............................G.......................Y.....:.....Zz...AbBoO..C.........................................:...........................................................|......Zz...AbBoO..C...........G.......................Y.....| G: __tmp.2070 <288> L36:10, Y: __tmp.2709 <437>, Z: __tmp.2711 <439>, A: __tmp.2699 <423>, B: __tmp.2701 <427>, O: __tmp.1850 <233> L83:26, C: __tmp.2713 <441>
VL[4]: span  43, min_span  31  |:..............................deeeeeeeeeeE.f.........g.hhhhhH..i....jjjJJ..............................................:...........................................................|hH..i....jjjJJ.................deeeeeeeeeeE.f.........g.hhhh| D: __seff.1808 <49> L32:10, E: __tmp.1846 <54> L36:10, F: __seff.1801 <55> L45:10, G: __seff.1798 <61> L60:10, H: __tmp.1855 <67> L64:10, I: __seff.1833 <68> L75:10, J: __tmp.1851 <74> L79:10
VL[5]: span  47, min_span  35  |:..............................deeeeeeeeeeeEf.........g.hhhhhhH.i....jjjJJ...K..........................................:...........................................................|hhH.i....jjjJJ...K.............deeeeeeeeeeeEf.........g.hhhh| D: __seff.1808 <49> L32:10, E: __tmp.1846 <54> L36:10, F: __seff.1801 <55> L45:10, G: __seff.1798 <61> L60:10, H: __tmp.1855 <67> L64:10, I: __seff.1833 <68> L75:10, J: __tmp.1851 <74> L79:10, K: __tmp.2201 <338> L91:10
VL[1]: span  28, min_span  15  |:..................................................lLLLLlllllll.mmMnnnnnnnnnnNN.........................................:...........................................................|lll.mmMnnnnnnnnnnNN................................lLLLLllll| L: __tmp.2703 <429>, M: __tmp.2705 <433>, N: __tmp.1868 <72> L1026:2


Register live ranges for register AML[4]:

                                000000000011111111112222222222333333333344444444445555555555666666666677777777778888888888999999999900000000001111111111222222222233333333334444444444555555555566666666667777777777 000000000011111111112222222222333333333344444444445555555555
                                012345678901234567890123456789012345678901234567890123456789012345678901234567890123456789012345678901234567890123456789012345678901234567890123456789012345678901234567890123456789 012345678901234567890123456789012345678901234567890123456789
AML[0]: span   2, min_span   2 |:...........................................................:......................AB...................................:...........................................................|.......................AB...................................| A: __tmp.1870 <77> L91:10, B: __tmp.1874 <78> L93:10
AML[3]: span   0, min_span   0 |:...........................................................:...........................................................:...........................................................|............................................................| 
AML[2]: span   0, min_span   0 |:...........................................................:...........................................................:...........................................................|............................................................| 
AML[1]: span   0, min_span   0 |:...........................................................:...........................................................:...........................................................|............................................................| 


Register live ranges for register AMH[4]:

                                000000000011111111112222222222333333333344444444445555555555666666666677777777778888888888999999999900000000001111111111222222222233333333334444444444555555555566666666667777777777 000000000011111111112222222222333333333344444444445555555555
                                012345678901234567890123456789012345678901234567890123456789012345678901234567890123456789012345678901234567890123456789012345678901234567890123456789012345678901234567890123456789 012345678901234567890123456789012345678901234567890123456789
AMH[0]: span   2, min_span   2 |:...........................................................:......................AB...................................:...........................................................|.......................AB...................................| A: __tmp.1870 <77> L91:10, B: __tmp.1874 <78> L93:10
AMH[3]: span   0, min_span   0 |:...........................................................:...........................................................:...........................................................|............................................................| 
AMH[2]: span   0, min_span   0 |:...........................................................:...........................................................:...........................................................|............................................................| 
AMH[1]: span   0, min_span   0 |:...........................................................:...........................................................:...........................................................|............................................................| 


Register live ranges for register R[16]:

                                000000000011111111112222222222333333333344444444445555555555666666666677777777778888888888999999999900000000001111111111222222222233333333334444444444555555555566666666667777777777 000000000011111111112222222222333333333344444444445555555555
                                012345678901234567890123456789012345678901234567890123456789012345678901234567890123456789012345678901234567890123456789012345678901234567890123456789012345678901234567890123456789 012345678901234567890123456789012345678901234567890123456789
R[13]: span 180, min_span 180  |AAAAAAAAAAAAAAAAAAAAAAAAAAAAAAAAAAAAAAAAAAAAAAAAAAAAAAAAAAAAAAAAAAAAAAAAAAAAAAAAAAAAAAAAAAAAAAAAAAAAAAAAAAAAAAAAAAAAAAAAAAAAAAAAAAAAAAAAAAAAAAAAAAAAAAAAAAAAAAAAAAAAAAAAAAAAAAAAAAAA|AAAAAAAAAAAAAAAAAAAAAAAAAAAAAAAAAAAAAAAAAAAAAAAAAAAAAAAAAAAA| A: __ct_2.2382 <407> L93:10
R[12]: span 180, min_span 180  |BBBBBBBBBBBBBBBBBBBBBBBBBBBBBBBBBBBBBBBBBBBBBBBBBBBBBBBBBBBBBBBBBBBBBBBBBBBBBBBBBBBBBBBBBBBBBBBBBBBBBBBBBBBBBBBBBBBBBBBBBBBBBBBBBBBBBBBBBBBBBBBBBBBBBBBBBBBBBBBBBBBBBBBBBBBBBBBBBBBB|BBBBBBBBBBBBBBBBBBBBBBBBBBBBBBBBBBBBBBBBBBBBBBBBBBBBBBBBBBBB| B: _cst.2358 <393> L32:10
R[ 1]: span 180, min_span 180  |CCCCCCCCCCCCCCCCCCCCCCCCCCCCCCCCCCCCCCCCCCCCCCCCCCCCCCCCCCCCCCCCCCCCCCCCCCCCCCCCCCCCCCCCCCCCCCCCCCCCCCCCCCCCCCCCCCCCCCCCCCCCCCCCCCCCCCCCCCCCCCCCCCCCCCCCCCCCCCCCCCCCCCCCCCCCCCCCCCCC|CCCCCCCCCCCCCCCCCCCCCCCCCCCCCCCCCCCCCCCCCCCCCCCCCCCCCCCCCCCC| C: __ct_16.2376 <404> L36:10
R[ 0]: span 180, min_span 180  |DDDDDDDDDDDDDDDDDDDDDDDDDDDDDDDDDDDDDDDDDDDDDDDDDDDDDDDDDDDDDDDDDDDDDDDDDDDDDDDDDDDDDDDDDDDDDDDDDDDDDDDDDDDDDDDDDDDDDDDDDDDDDDDDDDDDDDDDDDDDDDDDDDDDDDDDDDDDDDDDDDDDDDDDDDDDDDDDDDDD|DDDDDDDDDDDDDDDDDDDDDDDDDDDDDDDDDDDDDDDDDDDDDDDDDDDDDDDDDDDD| D: _cst.2360 <394> L32:10
R[ 3]: span   1, min_span   1  |:..............................E............................:...........................................................:...........................................................|...............................E............................| E: __tmp.1810 <49> L32:10
R[ 2]: span  24, min_span  15  |:...........................................fffffffffFFFFFFFFFFFFFFF....................................................:...........................................................|FFFFFFFF....................................fffffffffFFFFFFF| F: __tmp.1803 <55> L45:10
R[ 5]: span   2, min_span   1  |:.....................................................gG....:...........................................................:...........................................................|......................................................gG....| G: __tmp.1795 <61> L60:10
R[ 6]: span   5, min_span   1  |:...........................................................:...hhhhH...................................................:...........................................................|....hhhhH...................................................| H: __tmp.1835 <68> L75:10
R[ 7]: span   5, min_span   1  |:...........................................................:............i.j.k..........................................:...........................................................|.............i.j.k..........................................| I: __seff.1818 <62> L53:26, J: __seff.1824 <69> L68:26, K: __seff.1858 <75> L83:26
R[11]: span 180, min_span   0  |llllllllllllllllllllllllllllllllllllllllllllllllllllllllllllllllllllllllllllllllllllllllllllllllllllllllllllllllllllllllllllllllllllllllllllllllllllllllllllllllllllllllllllllllllll|llllllllllllllllllllllllllllllllllllllllllllllllllllllllllll| L: __cal_sav.1633
R[10]: span 180, min_span   0  |mmmmmmmmmmmmmmmmmmmmmmmmmmmmmmmmmmmmmmmmmmmmmmmmmmmmmmmmmmmmmmmmmmmmmmmmmmmmmmmmmmmmmmmmmmmmmmmmmmmmmmmmmmmmmmmmmmmmmmmmmmmmmmmmmmmmmmmmmmmmmmmmmmmmmmmmmmmmmmmmmmmmmmmmmmmmmmmmmmmm|mmmmmmmmmmmmmmmmmmmmmmmmmmmmmmmmmmmmmmmmmmmmmmmmmmmmmmmmmmmm| M: __cal_sav.1635
R[ 9]: span 180, min_span   0  |nnnnnnnnnnnnnnnnnnnnnnnnnnnnnnnnnnnnnnnnnnnnnnnnnnnnnnnnnnnnnnnnnnnnnnnnnnnnnnnnnnnnnnnnnnnnnnnnnnnnnnnnnnnnnnnnnnnnnnnnnnnnnnnnnnnnnnnnnnnnnnnnnnnnnnnnnnnnnnnnnnnnnnnnnnnnnnnnnnnn|nnnnnnnnnnnnnnnnnnnnnnnnnnnnnnnnnnnnnnnnnnnnnnnnnnnnnnnnnnnn| N: __cal_sav.2280 <369>
R[ 8]: span 180, min_span   0  |oooooooooooooooooooooooooooooooooooooooooooooooooooooooooooooooooooooooooooooooooooooooooooooooooooooooooooooooooooooooooooooooooooooooooooooooooooooooooooooooooooooooooooooooooooo|oooooooooooooooooooooooooooooooooooooooooooooooooooooooooooo| O: __cal_sav.2332 <382>
R[ 4]: span 180, min_span   0  |pppppppppppppppppppppppppppppppppppppppppppppppppppppppppppppppppppppppppppppppppppppppppppppppppppppppppppppppppppppppppppppppppppppppppppppppppppppppppppppppppppppppppppppppppppp|pppppppppppppppppppppppppppppppppppppppppppppppppppppppppppp| P: __cal_sav.1627
R[15]: span   0, min_span   0  |:...........................................................:...........................................................:...........................................................|............................................................| 
R[14]: span   0, min_span   0  |:...........................................................:...........................................................:...........................................................|............................................................| 


Register live ranges for register LR[1]:

                                000000000011111111112222222222333333333344444444445555555555666666666677777777778888888888999999999900000000001111111111222222222233333333334444444444555555555566666666667777777777 000000000011111111112222222222333333333344444444445555555555
                                012345678901234567890123456789012345678901234567890123456789012345678901234567890123456789012345678901234567890123456789012345678901234567890123456789012345678901234567890123456789 012345678901234567890123456789012345678901234567890123456789
LR[0]: span 180, min_span   0  |aaaaaaaaaaaaaaaaaaaaaaaaaaaaaaaaaaaaaaaaaaaaaaaaaaaaaaaaaaaaaaaaaaaaaaaaaaaaaaaaaaaaaaaaaaaaaaaaaaaaaaaaaaaaaaaaaaaaaaaaaaaaaaaaaaaaaaaaaaaaaaaaaaaaaaaaaaaaaaaaaaaaaaaaaaaaaaaaaaaa|aaaaaaaaaaaaaaaaaaaaaaaaaaaaaaaaaaaaaaaaaaaaaaaaaaaaaaaaaaaa| A: __la.362


Register live ranges for register CL[8]:

                                000000000011111111112222222222333333333344444444445555555555666666666677777777778888888888999999999900000000001111111111222222222233333333334444444444555555555566666666667777777777 000000000011111111112222222222333333333344444444445555555555
                                012345678901234567890123456789012345678901234567890123456789012345678901234567890123456789012345678901234567890123456789012345678901234567890123456789012345678901234567890123456789 012345678901234567890123456789012345678901234567890123456789
CL[7]: span 180, min_span 180  |AAAAAAAAAAAAAAAAAAAAAAAAAAAAAAAAAAAAAAAAAAAAAAAAAAAAAAAAAAAAAAAAAAAAAAAAAAAAAAAAAAAAAAAAAAAAAAAAAAAAAAAAAAAAAAAAAAAAAAAAAAAAAAAAAAAAAAAAAAAAAAAAAAAAAAAAAAAAAAAAAAAAAAAAAAAAAAAAAAAA|AAAAAAAAAAAAAAAAAAAAAAAAAAAAAAAAAAAAAAAAAAAAAAAAAAAAAAAAAAAA| A: __ct_49152.2380 <406> L83:26
CL[6]: span 180, min_span 180  |BBBBBBBBBBBBBBBBBBBBBBBBBBBBBBBBBBBBBBBBBBBBBBBBBBBBBBBBBBBBBBBBBBBBBBBBBBBBBBBBBBBBBBBBBBBBBBBBBBBBBBBBBBBBBBBBBBBBBBBBBBBBBBBBBBBBBBBBBBBBBBBBBBBBBBBBBBBBBBBBBBBBBBBBBBBBBBBBBBBB|BBBBBBBBBBBBBBBBBBBBBBBBBBBBBBBBBBBBBBBBBBBBBBBBBBBBBBBBBBBB| B: __ct_114688.2378 <405> L53:26
CL[5]: span 180, min_span 180  |CCCCCCCCCCCCCCCCCCCCCCCCCCCCCCCCCCCCCCCCCCCCCCCCCCCCCCCCCCCCCCCCCCCCCCCCCCCCCCCCCCCCCCCCCCCCCCCCCCCCCCCCCCCCCCCCCCCCCCCCCCCCCCCCCCCCCCCCCCCCCCCCCCCCCCCCCCCCCCCCCCCCCCCCCCCCCCCCCCCC|CCCCCCCCCCCCCCCCCCCCCCCCCCCCCCCCCCCCCCCCCCCCCCCCCCCCCCCCCCCC| C: _cst.2362 <395> L91:10
CL[4]: span 180, min_span 180  |DDDDDDDDDDDDDDDDDDDDDDDDDDDDDDDDDDDDDDDDDDDDDDDDDDDDDDDDDDDDDDDDDDDDDDDDDDDDDDDDDDDDDDDDDDDDDDDDDDDDDDDDDDDDDDDDDDDDDDDDDDDDDDDDDDDDDDDDDDDDDDDDDDDDDDDDDDDDDDDDDDDDDDDDDDDDDDDDDDDD|DDDDDDDDDDDDDDDDDDDDDDDDDDDDDDDDDDDDDDDDDDDDDDDDDDDDDDDDDDDD| D: __ct_1589248.2697 <418>
CL[3]: span 180, min_span 180  |EEEEEEEEEEEEEEEEEEEEEEEEEEEEEEEEEEEEEEEEEEEEEEEEEEEEEEEEEEEEEEEEEEEEEEEEEEEEEEEEEEEEEEEEEEEEEEEEEEEEEEEEEEEEEEEEEEEEEEEEEEEEEEEEEEEEEEEEEEEEEEEEEEEEEEEEEEEEEEEEEEEEEEEEEEEEEEEEEEEE|EEEEEEEEEEEEEEEEEEEEEEEEEEEEEEEEEEEEEEEEEEEEEEEEEEEEEEEEEEEE| E: __ct_25280512.2695 <416>
CL[2]: span 180, min_span 180  |FFFFFFFFFFFFFFFFFFFFFFFFFFFFFFFFFFFFFFFFFFFFFFFFFFFFFFFFFFFFFFFFFFFFFFFFFFFFFFFFFFFFFFFFFFFFFFFFFFFFFFFFFFFFFFFFFFFFFFFFFFFFFFFFFFFFFFFFFFFFFFFFFFFFFFFFFFFFFFFFFFFFFFFFFFFFFFFFFFFF|FFFFFFFFFFFFFFFFFFFFFFFFFFFFFFFFFFFFFFFFFFFFFFFFFFFFFFFFFFFF| F: __ct_10076160.2693 <414>
CL[1]: span 180, min_span 180  |GGGGGGGGGGGGGGGGGGGGGGGGGGGGGGGGGGGGGGGGGGGGGGGGGGGGGGGGGGGGGGGGGGGGGGGGGGGGGGGGGGGGGGGGGGGGGGGGGGGGGGGGGGGGGGGGGGGGGGGGGGGGGGGGGGGGGGGGGGGGGGGGGGGGGGGGGGGGGGGGGGGGGGGGGGGGGGGGGGGG|GGGGGGGGGGGGGGGGGGGGGGGGGGGGGGGGGGGGGGGGGGGGGGGGGGGGGGGGGGGG| G: __ct_1048576.2691 <412>
CL[0]: span 180, min_span 180  |HHHHHHHHHHHHHHHHHHHHHHHHHHHHHHHHHHHHHHHHHHHHHHHHHHHHHHHHHHHHHHHHHHHHHHHHHHHHHHHHHHHHHHHHHHHHHHHHHHHHHHHHHHHHHHHHHHHHHHHHHHHHHHHHHHHHHHHHHHHHHHHHHHHHHHHHHHHHHHHHHHHHHHHHHHHHHHHHHHHH|HHHHHHHHHHHHHHHHHHHHHHHHHHHHHHHHHHHHHHHHHHHHHHHHHHHHHHHHHHHH| H: _cst.2687 <408>


Register live ranges for register CH[8]:

                                000000000011111111112222222222333333333344444444445555555555666666666677777777778888888888999999999900000000001111111111222222222233333333334444444444555555555566666666667777777777 000000000011111111112222222222333333333344444444445555555555
                                012345678901234567890123456789012345678901234567890123456789012345678901234567890123456789012345678901234567890123456789012345678901234567890123456789012345678901234567890123456789 012345678901234567890123456789012345678901234567890123456789
CH[7]: span 180, min_span 180  |AAAAAAAAAAAAAAAAAAAAAAAAAAAAAAAAAAAAAAAAAAAAAAAAAAAAAAAAAAAAAAAAAAAAAAAAAAAAAAAAAAAAAAAAAAAAAAAAAAAAAAAAAAAAAAAAAAAAAAAAAAAAAAAAAAAAAAAAAAAAAAAAAAAAAAAAAAAAAAAAAAAAAAAAAAAAAAAAAAAA|AAAAAAAAAAAAAAAAAAAAAAAAAAAAAAAAAAAAAAAAAAAAAAAAAAAAAAAAAAAA| A: __ct_65536.2370 <485> L83:26
CH[6]: span 180, min_span 180  |BBBBBBBBBBBBBBBBBBBBBBBBBBBBBBBBBBBBBBBBBBBBBBBBBBBBBBBBBBBBBBBBBBBBBBBBBBBBBBBBBBBBBBBBBBBBBBBBBBBBBBBBBBBBBBBBBBBBBBBBBBBBBBBBBBBBBBBBBBBBBBBBBBBBBBBBBBBBBBBBBBBBBBBBBBBBBBBBBBBB|BBBBBBBBBBBBBBBBBBBBBBBBBBBBBBBBBBBBBBBBBBBBBBBBBBBBBBBBBBBB| B: __ct_65536.2369 <486> L53:26
CH[4]: span 180, min_span 180  |CCCCCCCCCCCCCCCCCCCCCCCCCCCCCCCCCCCCCCCCCCCCCCCCCCCCCCCCCCCCCCCCCCCCCCCCCCCCCCCCCCCCCCCCCCCCCCCCCCCCCCCCCCCCCCCCCCCCCCCCCCCCCCCCCCCCCCCCCCCCCCCCCCCCCCCCCCCCCCCCCCCCCCCCCCCCCCCCCCCC|CCCCCCCCCCCCCCCCCCCCCCCCCCCCCCCCCCCCCCCCCCCCCCCCCCCCCCCCCCCC| C: _cst.2365 <455> L93:10
CH[3]: span 180, min_span 180  |DDDDDDDDDDDDDDDDDDDDDDDDDDDDDDDDDDDDDDDDDDDDDDDDDDDDDDDDDDDDDDDDDDDDDDDDDDDDDDDDDDDDDDDDDDDDDDDDDDDDDDDDDDDDDDDDDDDDDDDDDDDDDDDDDDDDDDDDDDDDDDDDDDDDDDDDDDDDDDDDDDDDDDDDDDDDDDDDDDDD|DDDDDDDDDDDDDDDDDDDDDDDDDDDDDDDDDDDDDDDDDDDDDDDDDDDDDDDDDDDD| D: __ct_65536.2368 <487> L36:10
CH[2]: span 180, min_span 180  |EEEEEEEEEEEEEEEEEEEEEEEEEEEEEEEEEEEEEEEEEEEEEEEEEEEEEEEEEEEEEEEEEEEEEEEEEEEEEEEEEEEEEEEEEEEEEEEEEEEEEEEEEEEEEEEEEEEEEEEEEEEEEEEEEEEEEEEEEEEEEEEEEEEEEEEEEEEEEEEEEEEEEEEEEEEEEEEEEEEE|EEEEEEEEEEEEEEEEEEEEEEEEEEEEEEEEEEEEEEEEEEEEEEEEEEEEEEEEEEEE| E: __ct_65536.2366 <398> L32:10
CH[1]: span 180, min_span 180  |FFFFFFFFFFFFFFFFFFFFFFFFFFFFFFFFFFFFFFFFFFFFFFFFFFFFFFFFFFFFFFFFFFFFFFFFFFFFFFFFFFFFFFFFFFFFFFFFFFFFFFFFFFFFFFFFFFFFFFFFFFFFFFFFFFFFFFFFFFFFFFFFFFFFFFFFFFFFFFFFFFFFFFFFFFFFFFFFFFFF|FFFFFFFFFFFFFFFFFFFFFFFFFFFFFFFFFFFFFFFFFFFFFFFFFFFFFFFFFFFF| F: _cst.2364 <456> L91:10
CH[0]: span 180, min_span 180  |GGGGGGGGGGGGGGGGGGGGGGGGGGGGGGGGGGGGGGGGGGGGGGGGGGGGGGGGGGGGGGGGGGGGGGGGGGGGGGGGGGGGGGGGGGGGGGGGGGGGGGGGGGGGGGGGGGGGGGGGGGGGGGGGGGGGGGGGGGGGGGGGGGGGGGGGGGGGGGGGGGGGGGGGGGGGGGGGGGGG|GGGGGGGGGGGGGGGGGGGGGGGGGGGGGGGGGGGGGGGGGGGGGGGGGGGGGGGGGGGG| G: _cst.2689 <410>
CH[5]: span   0, min_span   0  |:...........................................................:...........................................................:...........................................................|............................................................| 


Register live ranges for register S[8]:

                                000000000011111111112222222222333333333344444444445555555555666666666677777777778888888888999999999900000000001111111111222222222233333333334444444444555555555566666666667777777777 000000000011111111112222222222333333333344444444445555555555
                                012345678901234567890123456789012345678901234567890123456789012345678901234567890123456789012345678901234567890123456789012345678901234567890123456789012345678901234567890123456789 012345678901234567890123456789012345678901234567890123456789
S[0]: span 180, min_span 180   |AAAAAAAAAAAAAAAAAAAAAAAAAAAAAAAAAAAAAAAAAAAAAAAAAAAAAAAAAAAAAAAAAAAAAAAAAAAAAAAAAAAAAAAAAAAAAAAAAAAAAAAAAAAAAAAAAAAAAAAAAAAAAAAAAAAAAAAAAAAAAAAAAAAAAAAAAAAAAAAAAAAAAAAAAAAAAAAAAAAA|AAAAAAAAAAAAAAAAAAAAAAAAAAAAAAAAAAAAAAAAAAAAAAAAAAAAAAAAAAAA| A: __inrng.2242 <81> L0:0
S[7]: span   0, min_span   0   |:...........................................................:...........................................................:...........................................................|............................................................| 
S[6]: span   0, min_span   0   |:...........................................................:...........................................................:...........................................................|............................................................| 
S[5]: span   0, min_span   0   |:...........................................................:...........................................................:...........................................................|............................................................| 
S[4]: span   0, min_span   0   |:...........................................................:...........................................................:...........................................................|............................................................| 
S[3]: span   0, min_span   0   |:...........................................................:...........................................................:...........................................................|............................................................| 
S[2]: span   0, min_span   0   |:...........................................................:...........................................................:...........................................................|............................................................| 
S[1]: span   0, min_span   0   |:...........................................................:...........................................................:...........................................................|............................................................| 


Register live ranges for register CB[8]:

                                000000000011111111112222222222333333333344444444445555555555666666666677777777778888888888999999999900000000001111111111222222222233333333334444444444555555555566666666667777777777 000000000011111111112222222222333333333344444444445555555555
                                012345678901234567890123456789012345678901234567890123456789012345678901234567890123456789012345678901234567890123456789012345678901234567890123456789012345678901234567890123456789 012345678901234567890123456789012345678901234567890123456789
CB[6]: span 180, min_span 180  |AAAAAAAAAAAAAAAAAAAAAAAAAAAAAAAAAAAAAAAAAAAAAAAAAAAAAAAAAAAAAAAAAAAAAAAAAAAAAAAAAAAAAAAAAAAAAAAAAAAAAAAAAAAAAAAAAAAAAAAAAAAAAAAAAAAAAAAAAAAAAAAAAAAAAAAAAAAAAAAAAAAAAAAAAAAAAAAAAAAA|AAAAAAAAAAAAAAAAAAAAAAAAAAAAAAAAAAAAAAAAAAAAAAAAAAAAAAAAAAAA| A: __tmp.2255 <109> L0:0
CB[5]: span 180, min_span 180  |BBBBBBBBBBBBBBBBBBBBBBBBBBBBBBBBBBBBBBBBBBBBBBBBBBBBBBBBBBBBBBBBBBBBBBBBBBBBBBBBBBBBBBBBBBBBBBBBBBBBBBBBBBBBBBBBBBBBBBBBBBBBBBBBBBBBBBBBBBBBBBBBBBBBBBBBBBBBBBBBBBBBBBBBBBBBBBBBBBBB|BBBBBBBBBBBBBBBBBBBBBBBBBBBBBBBBBBBBBBBBBBBBBBBBBBBBBBBBBBBB| B: __tmp.2253 <108> L0:0
CB[4]: span 180, min_span 180  |CCCCCCCCCCCCCCCCCCCCCCCCCCCCCCCCCCCCCCCCCCCCCCCCCCCCCCCCCCCCCCCCCCCCCCCCCCCCCCCCCCCCCCCCCCCCCCCCCCCCCCCCCCCCCCCCCCCCCCCCCCCCCCCCCCCCCCCCCCCCCCCCCCCCCCCCCCCCCCCCCCCCCCCCCCCCCCCCCCCC|CCCCCCCCCCCCCCCCCCCCCCCCCCCCCCCCCCCCCCCCCCCCCCCCCCCCCCCCCCCC| C: __tmp.2251 <107> L0:0
CB[3]: span 180, min_span 180  |DDDDDDDDDDDDDDDDDDDDDDDDDDDDDDDDDDDDDDDDDDDDDDDDDDDDDDDDDDDDDDDDDDDDDDDDDDDDDDDDDDDDDDDDDDDDDDDDDDDDDDDDDDDDDDDDDDDDDDDDDDDDDDDDDDDDDDDDDDDDDDDDDDDDDDDDDDDDDDDDDDDDDDDDDDDDDDDDDDDD|DDDDDDDDDDDDDDDDDDDDDDDDDDDDDDDDDDDDDDDDDDDDDDDDDDDDDDDDDDDD| D: __tmp.2249 <106> L0:0
CB[2]: span 180, min_span 180  |EEEEEEEEEEEEEEEEEEEEEEEEEEEEEEEEEEEEEEEEEEEEEEEEEEEEEEEEEEEEEEEEEEEEEEEEEEEEEEEEEEEEEEEEEEEEEEEEEEEEEEEEEEEEEEEEEEEEEEEEEEEEEEEEEEEEEEEEEEEEEEEEEEEEEEEEEEEEEEEEEEEEEEEEEEEEEEEEEEEE|EEEEEEEEEEEEEEEEEEEEEEEEEEEEEEEEEEEEEEEEEEEEEEEEEEEEEEEEEEEE| E: __tmp.2247 <105> L19:27
CB[1]: span 180, min_span 180  |FFFFFFFFFFFFFFFFFFFFFFFFFFFFFFFFFFFFFFFFFFFFFFFFFFFFFFFFFFFFFFFFFFFFFFFFFFFFFFFFFFFFFFFFFFFFFFFFFFFFFFFFFFFFFFFFFFFFFFFFFFFFFFFFFFFFFFFFFFFFFFFFFFFFFFFFFFFFFFFFFFFFFFFFFFFFFFFFFFFF|FFFFFFFFFFFFFFFFFFFFFFFFFFFFFFFFFFFFFFFFFFFFFFFFFFFFFFFFFFFF| F: __tmp.2259 <110> L0:0
CB[7]: span   0, min_span   0  |:...........................................................:...........................................................:...........................................................|............................................................| 
CB[0]: span   0, min_span   0  |:...........................................................:...........................................................:...........................................................|............................................................| 


Register live ranges for register M[8]:

                                000000000011111111112222222222333333333344444444445555555555666666666677777777778888888888999999999900000000001111111111222222222233333333334444444444555555555566666666667777777777 000000000011111111112222222222333333333344444444445555555555
                                012345678901234567890123456789012345678901234567890123456789012345678901234567890123456789012345678901234567890123456789012345678901234567890123456789012345678901234567890123456789 012345678901234567890123456789012345678901234567890123456789
M[0]: span 180, min_span 180   |AAAAAAAAAAAAAAAAAAAAAAAAAAAAAAAAAAAAAAAAAAAAAAAAAAAAAAAAAAAAAAAAAAAAAAAAAAAAAAAAAAAAAAAAAAAAAAAAAAAAAAAAAAAAAAAAAAAAAAAAAAAAAAAAAAAAAAAAAAAAAAAAAAAAAAAAAAAAAAAAAAAAAAAAAAAAAAAAAAAA|AAAAAAAAAAAAAAAAAAAAAAAAAAAAAAAAAAAAAAAAAAAAAAAAAAAAAAAAAAAA| A: __ct_32.2374 <403> L1026:2
M[7]: span   0, min_span   0   |:...........................................................:...........................................................:...........................................................|............................................................| 
M[6]: span   0, min_span   0   |:...........................................................:...........................................................:...........................................................|............................................................| 
M[5]: span   0, min_span   0   |:...........................................................:...........................................................:...........................................................|............................................................| 
M[4]: span   0, min_span   0   |:...........................................................:...........................................................:...........................................................|............................................................| 
M[3]: span   0, min_span   0   |:...........................................................:...........................................................:...........................................................|............................................................| 
M[2]: span   0, min_span   0   |:...........................................................:...........................................................:...........................................................|............................................................| 
M[1]: span   0, min_span   0   |:...........................................................:...........................................................:...........................................................|............................................................| 


Register live ranges for register P[8]:

                                000000000011111111112222222222333333333344444444445555555555666666666677777777778888888888999999999900000000001111111111222222222233333333334444444444555555555566666666667777777777 000000000011111111112222222222333333333344444444445555555555
                                012345678901234567890123456789012345678901234567890123456789012345678901234567890123456789012345678901234567890123456789012345678901234567890123456789012345678901234567890123456789 012345678901234567890123456789012345678901234567890123456789
P[4]: span 180, min_span 180   |AAAAAAAAAAAAAAAAAAAAAAAAAAAAAAAAAAAAAAAAAAAAAAAAAAAAAAAAAAAAAAAAAAAAAAAAAAAAAAAAAAAAAAAAAAAAAAAAAAAAAAAAAAAAAAAAAAAAAAAAAAAAAAAAAAAAAAAAAAAAAAAAAAAAAAAAAAAAAAAAAAAAAAAAAAAAAAAAAAAA|AAAAAAAAAAAAAAAAAAAAAAAAAAAAAAAAAAAAAAAAAAAAAAAAAAAAAAAAAAAA| A: __shv_flux_inter5_win.2241 <109> L0:0
P[3]: span 180, min_span 180   |BBBBBBBBBBBBBBBBBBBBBBBBBBBBBBBBBBBBBBBBBBBBBBBBBBBBBBBBBBBBBBBBBBBBBBBBBBBBBBBBBBBBBBBBBBBBBBBBBBBBBBBBBBBBBBBBBBBBBBBBBBBBBBBBBBBBBBBBBBBBBBBBBBBBBBBBBBBBBBBBBBBBBBBBBBBBBBBBBBBB|BBBBBBBBBBBBBBBBBBBBBBBBBBBBBBBBBBBBBBBBBBBBBBBBBBBBBBBBBBBB| B: __shv_flux_inter4_win.2240 <108> L0:0
P[2]: span 180, min_span 180   |CCCCCCCCCCCCCCCCCCCCCCCCCCCCCCCCCCCCCCCCCCCCCCCCCCCCCCCCCCCCCCCCCCCCCCCCCCCCCCCCCCCCCCCCCCCCCCCCCCCCCCCCCCCCCCCCCCCCCCCCCCCCCCCCCCCCCCCCCCCCCCCCCCCCCCCCCCCCCCCCCCCCCCCCCCCCCCCCCCCC|CCCCCCCCCCCCCCCCCCCCCCCCCCCCCCCCCCCCCCCCCCCCCCCCCCCCCCCCCCCC| C: __shv_flux_inter3_win.2239 <107> L0:0
P[1]: span 180, min_span 180   |DDDDDDDDDDDDDDDDDDDDDDDDDDDDDDDDDDDDDDDDDDDDDDDDDDDDDDDDDDDDDDDDDDDDDDDDDDDDDDDDDDDDDDDDDDDDDDDDDDDDDDDDDDDDDDDDDDDDDDDDDDDDDDDDDDDDDDDDDDDDDDDDDDDDDDDDDDDDDDDDDDDDDDDDDDDDDDDDDDDD|DDDDDDDDDDDDDDDDDDDDDDDDDDDDDDDDDDDDDDDDDDDDDDDDDDDDDDDDDDDD| D: __shv_flux_inter2_win.2238 <106> L0:0
P[0]: span 180, min_span 180   |EEEEEEEEEEEEEEEEEEEEEEEEEEEEEEEEEEEEEEEEEEEEEEEEEEEEEEEEEEEEEEEEEEEEEEEEEEEEEEEEEEEEEEEEEEEEEEEEEEEEEEEEEEEEEEEEEEEEEEEEEEEEEEEEEEEEEEEEEEEEEEEEEEEEEEEEEEEEEEEEEEEEEEEEEEEEEEEEEEEE|EEEEEEEEEEEEEEEEEEEEEEEEEEEEEEEEEEEEEEEEEEEEEEEEEEEEEEEEEEEE| E: __shv_flux_inter1_win.2237 <105> L19:27
P[7]: span  52, min_span  52   |:...........F.GH........I.JK........L.MN........O.PQ........R.ST........................................................:...........................................................|R.ST........F.GH........I.JK........L.MN........O.PQ........| F: __tmp.1776 <46> L1026:2, G: __tmp.1778 <47> L1026:2, H: __tmp.1780 <48> L1026:2, I: __tmp.1782 <51> L1026:2, J: __tmp.1784 <52> L1026:2, K: __tmp.1786 <53> L1026:2, L: __tmp.1788 <57> L1026:2, M: __tmp.1790 <58> L1026:2, N: __tmp.1826 <59> L1026:2, O: __tmp.1828 <64> L1026:2, P: __tmp.1830 <65> L1026:2, Q: __tmp.1862 <66> L1026:2, R: __tmp.1864 <71> L1026:2, S: __tmp.1866 <72> L1026:2, T: __tmp.1881 <73> L1026:2
P[5]: span   1, min_span   1   |:...........................................................:.........................U.................................:...........................................................|..........................U.................................| U: __tmp.1879 <79> L96:32
P[6]: span 180, min_span   0   |vvvvvvvvvvvvvvvvvvvvvvvvvvvvvvvvvvvvvvvvvvvvvvvvvvvvvvvvvvvvvvvvvvvvvvvvvvvvvvvvvvvvvvvvvvvvvvvvvvvvvvvvvvvvvvvvvvvvvvvvvvvvvvvvvvvvvvvvvvvvvvvvvvvvvvvvvvvvvvvvvvvvvvvvvvvvvvvvvvvv|vvvvvvvvvvvvvvvvvvvvvvvvvvvvvvvvvvvvvvvvvvvvvvvvvvvvvvvvvvvv| V: __shv_out_win.2922 <488> L0:0

General info:
-------------

Tool    : mist version U-2022.12#3eec2545bc#230622 (s2)
Cmd line: --mist2 -v -D__AIENGINE__ -D__AIE_ARCH__=10 -DDEPLOYMENT_ELF=1 -D__LOCK_FENCE_MODE__=0 -DAIE_OPTION_SCALAR_FLOAT_ON_VECTOR -D__tct_tgt__=230622 +Omodo -k110 +Omsbr=2000 +Opnll +A +pnopALU +pnopLDA +pnopLDB +pnopSTS +pnopVEC +Ofexm +Onzmem +Ono-mapping-backtracking +Oalways-check-exec-paths +Omodulo-scheduling-minimize-folding-index +Omodulo-scheduling-lookahead-critical-transitory-class=AcqLdaRsrc_ID,AcqLdbRsrc_ID:2 +Odisable-spill-instr-class=LR_short_spill +Odisaggr-record-accesses +Oslr=crUPSMode +Oslr=crSRSMode -ggraph
Work dir: /media/4T/home/xianyijiang/my_sparta/aie/Work/aie/7_3/Release/chesswork
SFG in : hdiff_flux2-Fhdiff_flux2__ra.sfg  (/media/4T/home/xianyijiang/my_sparta/aie/Work/aie/7_3/Release/chesswork/hdiff_flux2-Fhdiff_flux2__ra.sfg)
SFG out: hdiff_flux2-Fhdiff_flux2__s2.sfg  (/media/4T/home/xianyijiang/my_sparta/aie/Work/aie/7_3/Release/chesswork/hdiff_flux2-Fhdiff_flux2__s2.sfg)
Src file: /media/4T/home/xianyijiang/my_sparta/aie/./ProcessUnit/hdiff_flux2.cc
Function: Fhdiff_flux2
Line    : 21
Loop    : #3
Body    : #823
# nodes : 59
