SFG: hdiff_flux2-Fhdiff_flux2__s2.sfg

Offset  Macro node           Source ref                                                                  Cycle Instr Words    Scheduling graphs + reports
------  -------------------  --------------------------------------------------------------------------  ----- ----- -----    ---------------------------
        block m1             [/media/4T/home/xianyijiang/my_sparta/aie/./ProcessUnit/hdiff_flux2.cc:17]
000000  .  block m825                                                                                       65    65   544    [m825.dot]
        .  for m3            [/media/4T/home/xianyijiang/my_sparta/aie/./ProcessUnit/hdiff_flux2.cc:21]
000544  .  .  block m823                                                                                    60    60   432    [m823_crit_loop.dot] [m823_not_folded_loop.dot] [m823_unfolded_modulo_loop.dot] [m823_final_loop.dot] [m823_modulo.rpt]
000976  .  block m132                                                                                       23    23   138    [m132.dot]

Total cycles: 148, total instrs: 148, total words: 1114


Bundle schedule (instruction words shown before relocation)
---------------
000000  m825     28 f9 18 c0 28 05 61 16 08 06 fe 5f                b402  (MOV.s10 cs0, #-28)                                      b388  (MOV.s9 r8, #1)                                          b94   (PADDS [p0], #24)                                        b389  (MOV.s12 m0, #352)                                       b369  (MOV r9, p7)                                            
000012           30 08 04 48 08 05 62 a0 20 06 ee 1f                b403  (MOV.s10 m0, #32)                                        b103  (PADDB [sp], m0)                                         b95   (PADDS [p1], #24)                                        b81   (ADD.NRM s0, r8, #0)                                     b382  (MOV r8, p6)                                            
000024           38 00 1c c0 14 02 b2 04 0b c0 00 3f                b394  (MOV.s10 r0, #0)                                         b393  (MOV.s9 r12, #0)                                         b96   (PADDS [p2], #24)                                        b386  (MOV.u20 p7, #0)                                        
000036           42 a6 0f 68 f7 4b fb 04 0b 80 00 3f                b105  (LDA cb2, [p0], #12)                                     b113  (VLDB wd1, [p7])                                         b390  (MOV.u20 p6, #0)                                         b443  (VST.SPIL wr1, [sp, #-160])                             
000048           4a d0 01 68 c8 08 62 04 0b 80 00 3f                b112  (LDA cs2, [p0])                                          b104  (VLDB wr0, [p6])                                         b404  (MOV.s12 r1, #16)                                        b391  (MOV.u20 p6, #0)                                        
000060           6f c0 0d 68 f4 02 b3 05 02 32 10 3f                b489  (LDA p7, [p0, cs0])                                      b119  (VLDB wd0, [p7])                                         b97   (PADDS [p3], #24)                                        b409  (MOV.u20 cl0, #274960)                                  
000072           43 a6 4b 68 d4 02 b4 07 20 3a 98 3f                b106  (LDA cb3, [p1], #12)                                     b111  (VLDB wc1, [p6])                                         b98   (PADDS [p4], #24)                                        b411  (MOV.u20 ch0, #834200)                                  
000084           4b d0 44 56 b7 4b f9 06 72 80 00 3f                b114  (LDA cs3, [p1])                                          b99   (PADDB [p5], #24)                                        b415  (MOV.u20 cl2, #638976)                                   b524  (VST.SPIL wr1, [sp, #-224])                             
000096           44 a6 9d c0 48 0f 88 04 40 80 00 3f                b107  (LDA cb4, [p2], #12)                                     b407  (MOV.s9 r13, #2)                                         b100  (MOV.s12 lc, #0)                                         b398  (MOV.u20 ch2, #65536)                                   
000108           4c d0 80 00 10 00 00 00 12 07 65 3f                b115  (LDA cs4, [p2])                                          b408  (MOVT.s12 cl0, #1893)                                   
000120           45 a6 c0 00 17 7b fd 00 10 0f ed 3f                b108  (LDA cb5, [p3], #12)                                     b410  (MOVT.s12 ch0, #-19)                                     b445  (VST.SPIL wd1, [sp, #-96])                              
000132           4d d0 c0 00 17 43 fc 00 12 80 09 3f                b116  (LDA cs5, [p3])                                          b414  (MOVT.s12 cl2, #9)                                       b442  (VST.SPIL wr0, [sp, #-128])                             
000144           46 a7 00 00 17 73 fe 04 72 c0 00 3f                b109  (LDA cb6, [p4], #12)                                     b417  (MOV.u20 cl3, #114688)                                   b444  (VST.SPIL wd0, [sp, #-64])                              
000156           02 21 c0 00 17 6b ff 00 12 c0 18 3f                b490  (VLDA wr0, [p7], m0, cyc2)                               b375  (VST.SPIL wc1, [sp, #-32])                               b416  (MOVT.s12 cl3, #24)                                     
000168           0a 21 c0 00 10 00 00 04 40 c0 00 3f                b491  (VLDA wr2, [p7], m0, cyc2)                               b487  (MOV.u20 ch3, #65536)                                   
000180           1e ff 40 00 10 00 00 04 02 40 00 3f                b413  (MOV.u20 cl1, #0)                                        b528  (VLDA.SPIL wd1, [sp, #-96])                             
000192           1a ff 80 00 15 bf 00 06 13 00 00 3f                b493  (ST p7, [p0, cs0])                                       b419  (MOV.u20 cl4, #540672)                                   b527  (VLDA.SPIL wd0, [sp, #-64])                             
000204           6f c0 40 00 10 00 00 04 06 02 20 3f                b494  (LDA p7, [p1, cs0])                                      b101  (MOV.u20 ls, #0)                                        
000216           06 ff 40 00 10 00 00 04 06 c3 c0 3f                b102  (MOV.u20 le, #0)                                         b522  (VLDA.SPIL wr1, [sp, #-96])                             
000228           4e d1 00 00 10 00 00 04 03 40 00 3f                b117  (LDA cs6, [p4])                                          b395  (MOV.u20 cl5, #0)                                       
000240           41 a7 40 00 10 00 00 04 73 80 00 3f                b110  (LDA cb1, [p5], #12)                                     b405  (MOV.u20 cl6, #114688)                                  
000252           49 b3 40 00 10 00 00 04 33 c0 00 3f                b118  (LDA cs1, [p5], #-28)                                    b406  (MOV.u20 cl7, #49152)                                   
000264           6d d1 46 db 80 00 00 77                            b120  (LDA p5, [p5])                                           b488  (MOV p6, p5)                                            
000272           49 aa 18 00 27 00 09 c7                            b515  (VMOV xb, xd)                                            b492  (VCMP xc, r3, yd.s32, r12, c0, r0, c0, c2)              
000280           00 00 00 00 10 00 00 00 12 40 01 80 04 40 80 cc    b412  (MOVT.s12 cl1, #1)                                       b497  (VSEL xc, ya.s32, r0, c0, r1, c0, c3, r3)               
000296           02 31 c0 00 10 00 00 00 13 00 01 3f                b495  (VLDA wr0, [p7], m0, cyc3)                               b418  (MOVT.s12 cl4, #1)                                      
000308           0a 31 c0 00 17 63 f6 04 01 00 00 3f                b496  (VLDA wr2, [p7], m0, cyc3)                               b455  (MOV.u20 ch4, #0)                                        b516  (VST.SPIL wc0, [sp, #-320])                             
000320           bb 5f a8 40 04 00 07 f7                            b456  (MOV.u20 ch1, #0)                                        b517  (VST.SPIL wc1, [sp, #-352])                             
000328           02 ff 80 00 15 bf 01 04 41 c0 00 3f                b499  (ST p7, [p1, cs0])                                       b485  (MOV.u20 ch7, #65536)                                    b521  (VLDA.SPIL wr0, [sp, #-64])                             
000340           6f c0 80 00 10 00 00 04 41 80 00 3f                b500  (LDA p7, [p2, cs0])                                      b486  (MOV.u20 ch6, #65536)                                   
000352           00 01                                              NOP
000354           00 01                                              NOP
000356           80 00 00 e0 ff 40 07 f7                            b523  (VST.SPIL wr0, [sp, #-192])                             
000364           48 00 13 13                                        b498  (VCMP xc, r2, yd.s32, r0, c0, r0, c0, c2)               
000368           00 01                                              NOP
000370           00 01                                              NOP
000372           00 01                                              NOP
000374           1a 41 c0 00 00 00 00 37                            b501  (VLDA wd0, [p7], m0, cyc4)                              
000382           0a 41 c0 00 00 00 00 37                            b502  (VLDA wr2, [p7], m0, cyc4)                              
000390           80 00 00 c7 93 f8 27 f7                            b529  (VLDA.SPIL wr2, [sp, #-64])                             
000398           ad f8 10 c7 9b f4 27 f7                            b504  (ST p7, [p2, cs0])                                       b530  (VLDA.SPIL wr3, [sp, #-96])                             
000406           6f c0 c0 00 00 00 00 37                            b505  (LDA p7, [p3, cs0])                                     
000414           00 01                                              NOP
000416           00 01                                              NOP
000418           00 01                                              NOP
000420           68 00 10 93                                        b503  (VCMP xc, r5, ya.s32, r0, c0, r0, c0, c2)               
000424           00 01                                              NOP
000426           a8 10 1a 93                                        b508  (VSEL xc, yd.s32, r0, c0, r1, c0, c3, r5)               
000430           00 01                                              NOP
000432           1a 51 c0 00 10 00 00 0e 8f f0 00 3f                b506  (VLDA wd0, [p7], m0, cyc5)                               b519  (VST.SPIL wc0, [sp, #-256])                             
000444           0a 51 c0 00 10 00 00 0e af ee 00 3f                b507  (VLDA wr2, [p7], m0, cyc5)                               b520  (VST.SPIL wc1, [sp, #-288])                             
000456           80 00 00 c7 83 e8 27 f7                            b525  (VLDA.SPIL wr0, [sp, #-192])                            
000464           ad f8 18 c7 8b e4 27 f7                            b510  (ST p7, [p3, cs0])                                       b526  (VLDA.SPIL wr1, [sp, #-224])                            
000472           6f c1 00 00 00 00 00 37                            b511  (LDA p7, [p4, cs0])                                     
000480           80 00 00 c7 93 f8 27 f7                            b531  (VLDA.SPIL wr2, [sp, #-64])                             
000488           80 00 00 c7 9b f4 27 f7                            b532  (VLDA.SPIL wr3, [sp, #-96])                             
000496           00 01                                              NOP
000498           68 00 11 13                                        b509  (VCMP xc, r6, ya.s32, r0, c0, r0, c0, c2)               
000502           00 01                                              NOP
000504           00 01                                              NOP
000506           00 01                                              NOP
000508           06 61 c0 00 00 00 00 37                            b512  (VLDA wr1, [p7], m0, cyc6)                              
000516           02 61 c0 00 00 00 00 37                            b513  (VLDA wr0, [p7], m0, cyc6)                              
000524           00 00 00 03                                        NOP
000528           00 00 00 00 15 bf 04 0c 79 3d 82 80 00 00 00 00    b514  (ST p7, [p4, cs0])                                       b518  (VLDA.SPIL wr2, [sp, #-320])                            
000544  m823   1 6f c0 07 7e a0 00 00 17                            b46   (LDA p7, [p0, cs0])                                      b423  (VLDB wr3, [sp, #-352])                                 
000552         1 80 00 00 c7 9b dc 27 f7                            b427  (VLDA.SPIL wr3, [sp, #-288])                            
000560         1 00 00 00 00 10 00 00 0c 79 3e 02 80 04 40 80 e8    b426  (VLDA.SPIL wr2, [sp, #-256])                             b60   (VSEL xd, ya.s32, r0, c0, r1, c0, c3, r2)               
000576         1 a8 10 1b 13                                        b74   (VSEL xc, yd.s32, r0, c0, r1, c0, c3, r6)               
000580         1 00 01                                              NOP
000582         1 80 00 00 c7 93 f0 27 f7                            b440  (VLDA.SPIL wr2, [sp, #-128])                            
000590         1 80 00 00 c7 ab fc 27 f7                            b338  (VLDA.SPIL wc1, [sp, #-32])                             
000598         1 00 00 00 00 10 00 00 0c 79 be c2 80 03 40 81 bc    b441  (VLDA.SPIL wr3, [sp, #-160])                             b62   (VCMP xd, r7, yd.s32, r0, c0, r1, c0, c6)               
000614         1 02 21 c0 00 00 00 00 37                            b47   (VLDA wr0, [p7], m0, cyc2)                              
000622         1 0a 21 c0 00 04 92 a0 00 1a 04 0d ef                b48   (VLDA wr2, [p7], m0, cyc2)                               b233  (VMOV xb, xc)                                            b69   (VCMP xd, r7, yd.s32, r0, c0, r1, c0, c6)               
000634         1 00 01                                              NOP
000636         1 ad f8 00 00 34 08 1f c7                            b50   (ST p7, [p0, cs0])                                       b75   (VCMP xd, r7, yd.s32, r0, c0, r1, c0, c7)               
000644         1 6f c0 40 00 00 00 00 37                            b51   (LDA p7, [p1, cs0])                                     
000652         1 80 00 05 64 24 00 a7 07                            b77   (VMUL.80 bm0, yd.s32, r0, c0, r0, wc1.s32, #0, c5, c1)  
000660         1 80 00 03 80 27 40 12 07                            b78   (VMAC.80 bm0, ya.s32, r13, c0, r0, c0, c4)              
000668         1 00 01                                              NOP
000670         1 00 01                                              NOP
000672         1 80 00 00 c7 b3 f8 27 f7                            b434  (VLDA.SPIL wd0, [sp, #-64])                             
000680         1 80 00 00 c7 bb f4 27 f7                            b435  (VLDA.SPIL wd1, [sp, #-96])                             
000688         1 00 01                                              NOP
000690         1 02 31 c0 00 05 18 22 b7                            b52   (VLDA wr0, [p7], m0, cyc3)                               b79   (VST.80.SRSS bm0, s0, [p5], m0, cyc1)                   
000698         1 0a 31 c0 00 00 00 00 37                            b53   (VLDA wr2, [p7], m0, cyc3)                              
000706         1 00 01                                              NOP
000708         1 ad f8 08 03                                        b56   (ST p7, [p1, cs0])                                      
000712         1 6f c0 80 00 00 00 00 37                            b57   (LDA p7, [p2, cs0])                                     
000720         1 49 aa 18 00 27 00 09 c7                            b288  (VMOV xb, xd)                                            b49   (VCMP xc, r3, yd.s32, r12, c0, r0, c0, c2)              
000728         1 88 10 19 93                                        b54   (VSEL xc, ya.s32, r0, c0, r1, c0, c3, r3)               
000732         1 00 01                                              NOP
000734         1 00 01                                              NOP
000736         1 00 01                                              NOP
000738         1 00 01                                              NOP
000740         1 00 01                                              NOP
000742         1 1a 41 c0 00 00 00 00 37                            b58   (VLDA wd0, [p7], m0, cyc4)                              
000750         1 0a 41 c0 00 00 00 00 37                            b59   (VLDA wr2, [p7], m0, cyc4)                              
000758         1 00 01                                              NOP
000760         1 ad f8 10 03                                        b63   (ST p7, [p2, cs0])                                      
000764         1 6f c0 c0 00 00 00 00 37                            b64   (LDA p7, [p3, cs0])                                     
000772         1 00 01                                              NOP
000774         1 00 00 00 00 10 00 00 0e 8f ec 00 80 02 40 00 98    b420  (VST.SPIL wc0, [sp, #-320])                              b55   (VCMP xc, r2, yd.s32, r0, c0, r0, c0, c2)               
000790         1 80 00 00 ea fe a0 07 f7                            b421  (VST.SPIL wc1, [sp, #-352])                             
000798         1 80 00 00 c7 8b f4 27 f7                            b429  (VLDA.SPIL wr1, [sp, #-96])                             
000806         1 80 00 00 c7 83 f8 27 f7                            b428  (VLDA.SPIL wr0, [sp, #-64])                             
000814         1 80 00 00 c7 93 f8 27 f7                            b436  (VLDA.SPIL wr2, [sp, #-64])                             
000822         1 80 00 00 c7 9b f4 27 f7                            b437  (VLDA.SPIL wr3, [sp, #-96])                             
000830         1 1a 51 c0 00 00 00 00 37                            b65   (VLDA wd0, [p7], m0, cyc5)                              
000838         1 0a 51 c0 00 10 00 00 0e 2f f2 00 3f                b66   (VLDA wr2, [p7], m0, cyc5)                               b431  (VST.SPIL wr1, [sp, #-224])                             
000850         1 80 00 00 e0 ff 40 07 f7                            b430  (VST.SPIL wr0, [sp, #-192])                             
000858         1 ad f8 18 03                                        b70   (ST p7, [p3, cs0])                                      
000862         1 37 e0 88 00 34 00 08 47                            b71   (LDA p7, [p4, cs0])                                      b61   (VCMP xc, r5, ya.s32, r0, c0, r0, c0, c2)               
000870         1 00 01                                              NOP
000872         1 a8 10 1a 93                                        b67   (VSEL xc, yd.s32, r0, c0, r1, c0, c3, r5)               
000876         1 00 00 00 03                                        NOP
000880         1 80 00 00 c7 83 e8 27 f7                            b432  (VLDA.SPIL wr0, [sp, #-192])                            
000888         1 80 00 00 c7 8b e4 27 f7                            b433  (VLDA.SPIL wr1, [sp, #-224])                            
000896         1 80 00 00 c7 93 f8 27 f7                            b438  (VLDA.SPIL wr2, [sp, #-64])                             
000904         1 80 00 00 c7 9b f4 27 f7                            b439  (VLDA.SPIL wr3, [sp, #-96])                             
000912         1 06 61 c0 00 00 00 00 00 00 00 00 00 00 00 00 02    b72   (VLDA wr1, [p7], m0, cyc6)                              
000928         1 02 61 c0 00 10 00 00 0e 8f f0 00 80 00 00 00 00    b73   (VLDA wr0, [p7], m0, cyc6)                               b424  (VST.SPIL wc0, [sp, #-256])                             
000944         1 00 00 00 00 10 00 00 0e af ee 00 80 03 40 00 88    b425  (VST.SPIL wc1, [sp, #-288])                              b68   (VCMP xc, r6, ya.s32, r0, c0, r0, c0, c2)               
000960         1 00 00 00 00 15 bf 04 0c 79 3d 82 80 00 00 00 00    b76   (ST p7, [p4, cs0])                                       b422  (VLDA.SPIL wr2, [sp, #-320])                            
000976  m132     80 00 00 c7 9b d4 27 f7                            b543  (VLDA.SPIL wr3, [sp, #-352])                            
000984           80 00 00 c7 9b dc 27 f7                            b545  (VLDA.SPIL wr3, [sp, #-288])                            
000992           00 00 00 00 10 00 00 0c 79 3e 02 80 04 40 80 e8    b544  (VLDA.SPIL wr2, [sp, #-256])                             b533  (VSEL xd, ya.s32, r0, c0, r1, c0, c3, r2)               
001008           00 00 00 00 10 00 00 0c 7a bf c2 80 05 40 80 d8    b542  (VLDA.SPIL wc1, [sp, #-32])                              b536  (VSEL xc, yd.s32, r0, c0, r1, c0, c3, r6)               
001024           00 01                                              NOP
001026           80 00 00 c7 93 f0 27 f7                            b546  (VLDA.SPIL wr2, [sp, #-128])                            
001034           80 00 00 c7 9b ec 27 f7                            b547  (VLDA.SPIL wr3, [sp, #-160])                            
001042           68 10 37 93                                        b534  (VCMP xd, r7, yd.s32, r0, c0, r1, c0, c6)               
001046           00 01                                              NOP
001048           49 2a 18 00 34 08 1b c7                            b541  (VMOV xb, xc)                                            b535  (VCMP xd, r7, yd.s32, r0, c0, r1, c0, c6)               
001056           00 01                                              NOP
001058           68 10 3f 93                                        b537  (VCMP xd, r7, yd.s32, r0, c0, r1, c0, c7)               
001062           00 01                                              NOP
001064           80 00 05 64 24 00 a7 07                            b538  (VMUL.80 bm0, yd.s32, r0, c0, r0, wc1.s32, #0, c5, c1)  
001072           80 00 03 80 27 40 12 07                            b539  (VMAC.80 bm0, ya.s32, r13, c0, r0, c0, c4)              
001080           00 01                                              NOP
001082           00 01                                              NOP
001084           01 01                                              b45   (RET lr)                                                
001086           00 01                                              .swstall "delay_slot"
001088           00 01                                              .swstall "delay_slot"
001090           00 00 3d 41 0d 18 22 b7                            b540  (VST.80.SRSS bm0, s0, [p5], m0, cyc1)                    b392  (MOV.s12 m1, #-352)                                     
001098           08 92 07 9b c0 00 00 77                            b44   (PADDA [sp], m1)                                         b370  (MOV p7, r9)                                            
001106           5b 70 60 00 00 3c 5c f7                            b43   (ST p5, [p6, cs0])                                       b383  (MOV p6, r8)                                            
