SFG: 7_2-main__s2.sfg

Offset  Macro node                          Source ref           Cycle Instr Words    Scheduling graphs + reports
------  ----------------------------------  -------------------  ----- ----- -----    ---------------------------
        block m1                            [../src/7_2.cc:70] 
000000  .  block m2489                                             182   182  1552    [m2489.dot]
        .  do m3                            [../src/7_2.cc:70] 
        .  .  block m5                      [../src/7_2.cc:70] 
001552  .  .  .  block m3224                                        14    14    96    [m3224.dot]
        .  .  .  if m8                      [../src/7_2.cc:150]
        .  .  .  .  else m11                [../src/7_2.cc:150]
001648  .  .  .  .  .  block m3399                                  11    11    96    [m3399.dot]
        .  .  .  .  .  do m13               [../src/7_2.cc:150]
        .  .  .  .  .  .  block m15         [../src/7_2.cc:150]
        .  .  .  .  .  .  .  block m85                               0     0     0   
        .  .  .  .  .  .  .  call m86       [../src/7_2.cc:154]
001744  .  .  .  .  .  .  .  block m91                               1     1     4    [m91.dot]
        .  .  .  .  .  .  .  call m92       [../src/7_2.cc:155]
001748  .  .  .  .  .  .  .  block m97                               4     4    10    [m97.dot]
        .  .  .  .  .  .  .  call m98       [../src/7_2.cc:156]
001758  .  .  .  .  .  .  .  block m103                              4     4    10    [m103.dot]
        .  .  .  .  .  .  .  call m104      [../src/7_2.cc:157]
001768  .  .  .  .  .  .  .  block m109                              4     4    10    [m109.dot]
        .  .  .  .  .  .  .  call m110      [../src/7_2.cc:158]
001778  .  .  .  .  .  .  .  block m115                              4     4    10    [m115.dot]
        .  .  .  .  .  .  .  call m116      [../src/7_2.cc:159]
001788  .  .  .  .  .  .  .  block m121                              4     4    10    [m121.dot]
        .  .  .  .  .  .  .  call m122      [../src/7_2.cc:160]
001798  .  .  .  .  .  .  .  block m127                              4     4    10    [m127.dot]
        .  .  .  .  .  .  .  call m128      [../src/7_2.cc:161]
001808  .  .  .  .  .  .  .  block m133                              4     4    10    [m133.dot]
        .  .  .  .  .  .  .  call m134      [../src/7_2.cc:162]
001818  .  .  .  .  .  .  .  block m139                              4     4    10    [m139.dot]
        .  .  .  .  .  .  .  call m140      [../src/7_2.cc:163]
001828  .  .  .  .  .  .  .  block m145                              4     4    10    [m145.dot]
        .  .  .  .  .  .  .  call m146      [../src/7_2.cc:164]
001838  .  .  .  .  .  .  .  block m151                              4     4    10    [m151.dot]
        .  .  .  .  .  .  .  call m152      [../src/7_2.cc:165]
001848  .  .  .  .  .  .  .  block m155                              4     4    10    [m155.dot]
        .  .  .  .  .  .  .  call m156      [../src/7_2.cc:165]
001858  .  .  .  .  .  .  .  block m636                             11    11    62    [m636.dot]
        .  .  .  .  .  .  .  call m158      [../src/7_2.cc:166]
001920  .  .  .  .  .  .  .  block m165                             14    14    96    [m165.dot]
        .  .  .  .  .  .  .  call m166      [../src/7_2.cc:177]
002016  .  .  .  .  .  .  .  block m171                              2     2     6    [m171.dot]
        .  .  .  .  .  .  .  call m172      [../src/7_2.cc:180]
002022  .  .  .  .  .  .  .  block m177                              4     4    10    [m177.dot]
        .  .  .  .  .  .  .  call m178      [../src/7_2.cc:183]
002032  .  .  .  .  .  .  .  block m183                              4     4    10    [m183.dot]
        .  .  .  .  .  .  .  call m184      [../src/7_2.cc:186]
002042  .  .  .  .  .  .  .  block m189                              4     4    10    [m189.dot]
        .  .  .  .  .  .  .  call m190      [../src/7_2.cc:189]
002052  .  .  .  .  .  .  .  block m195                              4     4    10    [m195.dot]
        .  .  .  .  .  .  .  call m196      [../src/7_2.cc:192]
002062  .  .  .  .  .  .  .  block m201                              4     4    10    [m201.dot]
        .  .  .  .  .  .  .  call m202      [../src/7_2.cc:193]
002072  .  .  .  .  .  .  .  block m207                              4     4    10    [m207.dot]
        .  .  .  .  .  .  .  call m208      [../src/7_2.cc:194]
002082  .  .  .  .  .  .  .  block m213                              4     4    10    [m213.dot]
        .  .  .  .  .  .  .  call m214      [../src/7_2.cc:195]
002092  .  .  .  .  .  .  .  block m219                              4     4    10    [m219.dot]
        .  .  .  .  .  .  .  call m220      [../src/7_2.cc:196]
002102  .  .  .  .  .  .  .  block m225                              4     4    10    [m225.dot]
        .  .  .  .  .  .  .  call m226      [../src/7_2.cc:197]
002112  .  .  .  .  .  .  .  block m229                              4     4    10    [m229.dot]
        .  .  .  .  .  .  .  call m230      [../src/7_2.cc:197]
002122  .  .  .  .  .  .  .  block m3374                            67    67   604    [m3374.dot]
002726  .  .  .  .  .  block m3398                                   6     6    42    [m3398.dot]
002768  .  .  .  .  then m10                                         1     1    16    [m10.dot]
        .  .  .  block m232                                          0     0     0   
        .  .  .  call m3400                 [../src/7_2.cc:70] 
002784  .  .  .  block m3401                                         8     8    16    [m3401.dot]
        .  .  .  call m233                  [../src/7_2.cc:241]
002800  .  .  .  block m236                                          1     1     4    [m236.dot]
        .  .  .  call m3402                 [../src/7_2.cc:70] 
002804  .  .  .  block m3403                                         5     5    10    [m3403.dot]
        .  .  .  call m237                  [../src/7_2.cc:241]
002814  .  .  .  block m1254                                        15    15    44    [m1254.dot]
002858  .  block m240                                               20    20    78    [m240.dot]

Total cycles: 442, total instrs: 442, total words: 2936


Bundle schedule (instruction words shown before relocation)
---------------
000000  m2489    32 00 d1 c2 09 a0 40 04 02 40 00 3f                b7510 (MOV.s10 m2, #3)              b7484 (MOV.s9 r1, #16)              b7505 (MOV.s12 m0, #832)            b7470 (MOV.u20 cl1, #0)            
000012           08 90 18 c2 28 11 78 04 0d 40 00 3f                b654  (PADDA [sp], m0)              b7508 (MOV.s9 r8, #17)              b7497 (MOV.s12 r12, #34)            b7477 (MOV.u20 r5, #0)             
000024           30 08 5f c0 48 00 7a 04 00 00 00 3f                b7507 (MOV.s10 m0, #33)             b7489 (MOV.s9 r15, #2)              b7464 (MOV.s12 r13, #0)             b7476 (MOV.u20 ch0, #0)            
000036           31 04 d0 c0 2e d0 4a 0d 9f ef 44 3f                b7509 (MOV.s10 m1, #19)             b7481 (MOV.s9 r0, #1)               b7525 (MOV.s12 m5, #-608)           b656  (ST.SPIL cl1, [sp, #-268])   
000048           33 09 59 c4 ef 38 4e 0d 9f ee 84 3f                b7515 (MOV.s10 m3, #37)             b7516 (MOV.s9 r9, #39)              b7521 (MOV.s12 m7, #-400)           b674  (ST.SPIL cl1, [sp, #-280])   
000060           00 00 13 c4 0e 82 48 0f 5f d8 84 3f                b7482 (MOV.s9 r3, #32)              b7528 (MOV.s12 m4, #-764)           b663  (ST.SPIL r5, [sp, #-632])    
000072           00 00 1e c2 40 00 01 d6 c9 a0 15 df                b7486 (MOV.s9 r14, #18)             b7526 (MOV.s12 m6, #-660)           b7467 (MOV r7, sp)                 
000084           80 00 00 f1 ff 04 47 f7                            b675  (ST.SPIL r1, [sp, #-252])    
000092           80 00 00 f5 fd 7c 47 f7                            b709  (ST.SPIL r5, [sp, #-644])    
000100           80 00 00 d0 fd bc 47 f7                            b662  (ST.SPIL ch0, [sp, #-580])   
000108           00 00 1a c4 75 eb f3 04 00 40 00 3f                b7514 (MOV.s9 r10, #35)             b7458 (ST.SPIL r10, [sp, #-52])     b7472 (MOV.u20 ch1, #0)            
000120           ad ff a0 40 d8 00 07 f7                            b7459 (ST.SPIL p7, [sp, #-48])      b7473 (MOV.u20 r6, #0)             
000128           5b bf 50 00 00 3b d0 f7                            b7460 (ST.SPIL p6, [sp, #-44])      b7466 (MOV p0, r7)                 
000136           00 00 18 c6 50 00 00 0f 8f f0 84 3f                b7495 (MOV.s9 r8, #50)              b676  (ST.SPIL r8, [sp, #-248])    
000148           80 00 00 fc fd 98 47 f7                            b710  (ST.SPIL r12, [sp, #-616])   
000156           80 00 00 d0 fd b0 47 f7                            b704  (ST.SPIL ch0, [sp, #-592])   
000164           80 00 00 d1 fe 8c 47 f7                            b658  (ST.SPIL ch1, [sp, #-372])   
000172           80 00 00 f6 fe 58 47 f7                            b659  (ST.SPIL r6, [sp, #-424])    
000180           08 8a 1b c4 cb df e5 e3 c9 46 8b 1f                b736  (PADDA [p0], m5)              b7558 (MOV.s9 r11, #38)             b7522 (MOV.s12 m5, #-452)           b7457 (ST.SPIL r11, [sp, #-56])     b7538 (MOV p4, p0)                 
000192           08 8b 14 c5 0b a7 ed ea 49 46 8a 9f                b733  (PADDA [p4], m5)              b7555 (MOV.s9 r4, #40)              b7520 (MOV.s12 m5, #-348)           b7461 (ST.SPIL r4, [sp, #-40])      b7532 (MOV p2, p0)                 
000204           08 8e 80 00 0b 9f a1 d3 89 c6 ca df                b732  (PADDA [p2], m7)              b7527 (MOV.s12 m7, #-712)           b7447 (ST.SPIL r3, [sp, #-192])     b7539 (MOV p3, p4)                 
000216           08 8a da c6 6f 6c 4a 0f af d9 c4 3f                b731  (PADDA [p3], m5)              b7513 (MOV.s9 r10, #51)             b7519 (MOV.s12 m5, #-296)           b711  (ST.SPIL r10, [sp, #-612])   
000228           5f bd 50 00 00 35 da f7                            b7448 (ST.SPIL r14, [sp, #-172])    b7540 (MOV p5, p3)                 
000236           08 8b 40 00 0e 68 4a 0f 8f dc c4 3f                b730  (PADDA [p5], m5)              b7529 (MOV.s12 m5, #-816)           b705  (ST.SPIL r8, [sp, #-564])    
000248           5f fd 80 00 00 36 de f7                            b7449 (ST.SPIL r15, [sp, #-160])    b7541 (MOV p7, p5)                 
000256           08 8f c0 00 10 00 00 0d 1f e8 04 3f                b738  (PADDA [p7], m7)              b684  (ST.SPIL ch1, [sp, #-384])   
000268           5e 3d a0 00 00 37 dc f7                            b7451 (ST.SPIL r8, [sp, #-152])     b7542 (MOV p6, p7)                 
000276           80 00 00 f6 fe 4c 47 f7                            b689  (ST.SPIL r6, [sp, #-436])    
000284           80 00 00 fa fd d0 47 f7                            b706  (ST.SPIL r10, [sp, #-560])   
000292           ad 5f 70 40 10 00 07 f7                            b7443 (ST.SPIL p2, [sp, #-72])      b7496 (MOV.u20 ch4, #0)            
000300           80 00 00 fd fe 9c 47 f7                            b685  (ST.SPIL r13, [sp, #-356])   
000308           80 00 00 ff fe 68 47 f7                            b690  (ST.SPIL r15, [sp, #-408])   
000316           ad 9f 68 40 c8 00 07 f7                            b7442 (ST.SPIL p4, [sp, #-76])      b7479 (MOV.u20 r2, #0)             
000324           7c 32 20 e2 fe 6c 47 f7                            b7518 (MOV.s12 m2, #-244)           b691  (ST.SPIL m2, [sp, #-404])    
000332           80 00 00 d4 fd c0 47 f7                            b707  (ST.SPIL ch4, [sp, #-576])   
000340           80 00 00 f0 fe a0 47 f7                            b686  (ST.SPIL r0, [sp, #-352])    
000348           ad 1f 50 40 30 00 07 f7                            b7439 (ST.SPIL p0, [sp, #-88])      b7488 (MOV.u20 cl4, #0)            
000356           ad bf 80 40 2c 00 07 f7                            b7445 (ST.SPIL p5, [sp, #-64])      b7490 (MOV.u20 cl3, #0)            
000364           80 00 00 f2 fd 20 47 f7                            b665  (ST.SPIL r2, [sp, #-736])    
000372           80 00 00 d4 fd b4 47 f7                            b708  (ST.SPIL ch4, [sp, #-588])   
000380           80 00 00 dc fe 90 47 f7                            b687  (ST.SPIL cl4, [sp, #-368])   
000388           80 00 00 db fe 5c 47 f7                            b692  (ST.SPIL cl3, [sp, #-420])   
000396           80 00 00 f2 fd 14 47 f7                            b719  (ST.SPIL r2, [sp, #-748])    
000404           80 00 00 dc fe 84 47 f7                            b688  (ST.SPIL cl4, [sp, #-380])   
000412           80 00 00 db fe 50 47 f7                            b693  (ST.SPIL cl3, [sp, #-432])   
000420           af ba 10 40 10 00 07 f7                            b744  (ST r13, [p2])                b7498 (MOV.u20 ch4, #0)            
000428           80 00 00 fb fd 30 47 f7                            b720  (ST.SPIL r11, [sp, #-720])   
000436           08 8b 86 ea 95 f7 44 77                            b740  (PADDA [p6], m5)              b745  (ST r13, [p4])                b7543 (MOV p2, p6)                 
000444           08 88 86 eb 15 f7 40 77                            b739  (PADDA [p2], m4)              b748  (ST r13, [p0])                b7534 (MOV p4, p6)                 
000452           08 8d 06 aa 15 f3 db 77                            b737  (PADDA [p4], m6)              b7452 (ST.SPIL r12, [sp, #-148])    b7544 (MOV p0, p2)                 
000460           08 84 19 c4 90 00 00 0f 9f d3 44 3f                b729  (PADDA [p0], m2)              b7499 (MOV.s9 r9, #36)              b721  (ST.SPIL r9, [sp, #-716])    
000472           5e 7d c0 00 00 34 52 f7                            b7453 (ST.SPIL r9, [sp, #-144])     b7545 (MOV p1, p0)                 
000480           80 00 00 d4 fd 8c 47 f7                            b712  (ST.SPIL ch4, [sp, #-628])   
000488           ad 5f 38 40 08 00 07 f7                            b7436 (ST.SPIL p2, [sp, #-100])     b7469 (MOV.u20 ch2, #0)            
000496           ad df 30 40 0c 00 07 f7                            b7435 (ST.SPIL p6, [sp, #-104])     b7502 (MOV.u20 ch3, #0)            
000504           80 00 00 d4 fd 80 47 f7                            b713  (ST.SPIL ch4, [sp, #-640])   
000512           80 00 00 d2 ff 28 47 f7                            b655  (ST.SPIL ch2, [sp, #-216])   
000520           80 00 00 d3 fd 24 47 f7                            b722  (ST.SPIL ch3, [sp, #-732])   
000528           80 00 00 d3 fd 18 47 f7                            b723  (ST.SPIL ch3, [sp, #-744])   
000536           af ba 10 40 10 00 07 f7                            b751  (ST r13, [p2])                b7485 (MOV.u20 ch4, #0)            
000544           80 00 00 d2 ff 1c 47 f7                            b669  (ST.SPIL ch2, [sp, #-228])   
000552           80 00 00 d4 fe f8 47 f7                            b677  (ST.SPIL ch4, [sp, #-264])   
000560           80 00 00 f3 ff 38 47 f7                            b670  (ST.SPIL r3, [sp, #-200])    
000568           af ba 20 40 20 00 07 f7                            b749  (ST r13, [p4])                b7480 (MOV.u20 cl0, #0)            
000576           ad ff 40 40 28 00 07 f7                            b7437 (ST.SPIL p7, [sp, #-96])      b7471 (MOV.u20 cl2, #0)            
000584           80 00 00 d4 fe ec 47 f7                            b678  (ST.SPIL ch4, [sp, #-276])   
000592           77 52 00 e0 ff 3c 47 f7                            b7524 (MOV.s12 m0, #-556)           b671  (ST.SPIL m0, [sp, #-196])    
000600           08 80 40 00 15 f7 45 04 0d c0 00 3f                b735  (PADDA [p1], m0)              b742  (ST r13, [p5])                b7483 (MOV.u20 r7, #0)             
000612           5c 7d 20 00 00 34 da f7                            b7455 (ST.SPIL r1, [sp, #-184])     b7533 (MOV p5, p1)                 
000620           80 00 00 d8 fc ec 47 f7                            b666  (ST.SPIL cl0, [sp, #-788])   
000628           80 00 00 f2 fd 1c 47 f7                            b798  (ST.SPIL r2, [sp, #-740])    
000636           80 00 00 f5 fd 84 47 f7                            b790  (ST.SPIL r5, [sp, #-636])    
000644           80 00 00 da fe c0 47 f7                            b657  (ST.SPIL cl2, [sp, #-320])   
000652           ad 9f 48 40 10 80 07 f7                            b7438 (ST.SPIL p4, [sp, #-92])      b7468 (MOV.u20 ch4, #2048)         
000660           80 00 00 f7 ff 2c 47 f7                            b672  (ST.SPIL r7, [sp, #-212])    
000668           80 00 00 d8 fc e0 47 f7                            b724  (ST.SPIL cl0, [sp, #-800])   
000676           80 00 00 f2 fd 10 47 f7                            b799  (ST.SPIL r2, [sp, #-752])    
000684           ad 3f 58 40 e8 00 07 f7                            b7440 (ST.SPIL p1, [sp, #-84])      b7475 (MOV.u20 r10, #0)            
000692           80 00 00 f5 fd 78 47 f7                            b791  (ST.SPIL r5, [sp, #-648])    
000700           80 00 00 da fe b4 47 f7                            b679  (ST.SPIL cl2, [sp, #-332])   
000708           00 00 17 c5 30 00 00 0f 7f f2 04 3f                b7517 (MOV.s9 r7, #41)              b673  (ST.SPIL r7, [sp, #-224])    
000720           80 00 00 f4 fc fc 47 f7                            b725  (ST.SPIL r4, [sp, #-772])    
000728           80 00 00 d4 fd 28 47 f7                            b800  (ST.SPIL ch4, [sp, #-728])   
000736           80 00 00 fa fd f0 47 f7                            b661  (ST.SPIL r10, [sp, #-528])   
000744           80 00 00 d4 fd 90 47 f7                            b792  (ST.SPIL ch4, [sp, #-624])   
000752           af ba 00 40 0c 00 07 f7                            b741  (ST r13, [p0])                b7474 (MOV.u20 ch3, #0)            
000760           80 00 00 fe fe d0 47 f7                            b680  (ST.SPIL r14, [sp, #-304])   
000768           ad 7f 78 40 2c 00 07 f7                            b7444 (ST.SPIL p3, [sp, #-68])      b7478 (MOV.u20 cl3, #0)            
000776           00 00 17 c0 d0 00 00 0f 7f d0 04 3f                b7493 (MOV.s9 r7, #6)               b726  (ST.SPIL r7, [sp, #-768])    
000788           78 22 10 e1 fe d4 47 f7                            b7523 (MOV.s12 m1, #-504)           b681  (ST.SPIL m1, [sp, #-300])    
000796           08 83 40 00 10 00 00 0d 4f d2 c4 3f                b734  (PADDA [p5], m1)              b801  (ST.SPIL ch4, [sp, #-724])   
000808           80 00 00 fa fd e4 47 f7                            b699  (ST.SPIL r10, [sp, #-540])   
000816           80 00 00 d4 fd 94 47 f7                            b793  (ST.SPIL ch4, [sp, #-620])   
000824           80 00 00 d3 fe 24 47 f7                            b660  (ST.SPIL ch3, [sp, #-476])   
000832           ad bf 60 40 14 00 07 f7                            b7441 (ST.SPIL p5, [sp, #-80])      b7487 (MOV.u20 ch5, #0)            
000840           80 00 00 db fd 54 47 f7                            b664  (ST.SPIL cl3, [sp, #-684])   
000848           00 00 12 c0 f0 00 00 0f 2f d0 c4 3f                b7512 (MOV.s9 r2, #7)               b816  (ST.SPIL r2, [sp, #-756])    
000860           80 00 00 f7 fe 00 47 f7                            b700  (ST.SPIL r7, [sp, #-512])    
000868           00 00 15 c0 90 00 00 0f 5f d7 44 3f                b7491 (MOV.s9 r5, #4)               b814  (ST.SPIL r5, [sp, #-652])    
000880           80 00 00 d3 fe 18 47 f7                            b694  (ST.SPIL ch3, [sp, #-488])   
000888           80 00 00 d5 fe c4 47 f7                            b682  (ST.SPIL ch5, [sp, #-316])   
000896           80 00 00 db fd 48 47 f7                            b714  (ST.SPIL cl3, [sp, #-696])   
000904           00 00 12 c0 b0 00 00 0f 2f e0 44 3f                b7511 (MOV.s9 r2, #5)               b701  (ST.SPIL r2, [sp, #-508])    
000916           80 00 00 d5 fe b8 47 f7                            b683  (ST.SPIL ch5, [sp, #-328])   
000924           80 00 00 f5 fe 34 47 f7                            b695  (ST.SPIL r5, [sp, #-460])    
000932           80 00 00 f9 fd 64 47 f7                            b715  (ST.SPIL r9, [sp, #-668])    
000940           50 03 20 f2 fe 38 47 f7                            b7465 (MOV.s12 r2, #1024)           b696  (ST.SPIL r2, [sp, #-456])    
000948           af ba 18 40 34 00 07 f7                            b743  (ST r13, [p3])                b7494 (MOV.u20 cl5, #0)            
000956           ad 1f 88 40 38 00 07 f7                            b7446 (ST.SPIL p0, [sp, #-60])      b7492 (MOV.u20 cl6, #0)            
000964           80 00 00 e3 fd 68 47 f7                            b716  (ST.SPIL m3, [sp, #-664])    
000972           ae fe c8 40 30 00 07 f7                            b7450 (ST.SPIL r7, [sp, #-156])     b7500 (MOV.u20 cl4, #0)            
000980           ae be e8 40 14 00 07 f7                            b7454 (ST.SPIL r5, [sp, #-140])     b7504 (MOV.u20 ch5, #0)            
000988           80 00 00 dd fd f4 47 f7                            b702  (ST.SPIL cl5, [sp, #-524])   
000996           80 00 00 de fe 28 47 f7                            b697  (ST.SPIL cl6, [sp, #-472])   
001004           80 00 00 dc fd 58 47 f7                            b717  (ST.SPIL cl4, [sp, #-680])   
001012           80 00 00 d5 fc f0 47 f7                            b727  (ST.SPIL ch5, [sp, #-784])   
001020           80 00 00 dd fd e8 47 f7                            b703  (ST.SPIL cl5, [sp, #-536])   
001028           80 00 00 de fe 1c 47 f7                            b698  (ST.SPIL cl6, [sp, #-484])   
001036           80 00 00 dc fd 4c 47 f7                            b718  (ST.SPIL cl4, [sp, #-692])   
001044           80 00 00 d5 fc e4 47 f7                            b728  (ST.SPIL ch5, [sp, #-796])   
001052           af ba 08 40 a8 00 07 f7                            b747  (ST r13, [p1])                b7506 (MOV.u20 p2, #0)             
001060           af ba 28 03                                        b746  (ST r13, [p5])               
001064           80 00 00 d2 ff 24 47 f7                            b753  (ST.SPIL ch2, [sp, #-220])   
001072           80 00 00 d9 fe f0 47 f7                            b758  (ST.SPIL cl1, [sp, #-272])   
001080           80 00 00 da fe bc 47 f7                            b763  (ST.SPIL cl2, [sp, #-324])   
001088           80 00 00 d1 fe 88 47 f7                            b768  (ST.SPIL ch1, [sp, #-376])   
001096           80 00 00 f6 fe 54 47 f7                            b773  (ST.SPIL r6, [sp, #-428])    
001104           af ba 38 03                                        b750  (ST r13, [p7])               
001108           af ba 30 03                                        b752  (ST r13, [p6])               
001112           80 00 00 fa fd ec 47 f7                            b782  (ST.SPIL r10, [sp, #-532])   
001120           80 00 00 d2 ff 18 47 f7                            b754  (ST.SPIL ch2, [sp, #-232])   
001128           80 00 00 d9 fe e4 47 f7                            b759  (ST.SPIL cl1, [sp, #-284])   
001136           80 00 00 da fe b0 47 f7                            b764  (ST.SPIL cl2, [sp, #-336])   
001144           80 00 00 d1 fe 7c 47 f7                            b769  (ST.SPIL ch1, [sp, #-388])   
001152           80 00 00 f6 fe 48 47 f7                            b774  (ST.SPIL r6, [sp, #-440])    
001160           80 00 00 d3 fe 20 47 f7                            b778  (ST.SPIL ch3, [sp, #-480])   
001168           80 00 00 d0 fd b8 47 f7                            b786  (ST.SPIL ch0, [sp, #-584])   
001176           80 00 00 db fd 50 47 f7                            b794  (ST.SPIL cl3, [sp, #-688])   
001184           80 00 00 d8 fc e8 47 f7                            b802  (ST.SPIL cl0, [sp, #-792])   
001192           80 00 00 fa fd e0 47 f7                            b783  (ST.SPIL r10, [sp, #-544])   
001200           80 00 00 d2 ff 14 47 f7                            b755  (ST.SPIL ch2, [sp, #-236])   
001208           80 00 00 d9 fe e0 47 f7                            b760  (ST.SPIL cl1, [sp, #-288])   
001216           80 00 00 da fe ac 47 f7                            b765  (ST.SPIL cl2, [sp, #-340])   
001224           80 00 00 d1 fe 78 47 f7                            b770  (ST.SPIL ch1, [sp, #-392])   
001232           80 00 00 f6 fe 44 47 f7                            b775  (ST.SPIL r6, [sp, #-444])    
001240           80 00 00 d3 fe 14 47 f7                            b779  (ST.SPIL ch3, [sp, #-492])   
001248           80 00 00 d0 fd ac 47 f7                            b787  (ST.SPIL ch0, [sp, #-596])   
001256           80 00 00 db fd 44 47 f7                            b795  (ST.SPIL cl3, [sp, #-700])   
001264           80 00 00 d8 fc dc 47 f7                            b803  (ST.SPIL cl0, [sp, #-804])   
001272           80 00 00 f2 fd f8 47 f7                            b784  (ST.SPIL r2, [sp, #-520])    
001280           80 00 00 f2 ff 30 47 f7                            b756  (ST.SPIL r2, [sp, #-208])    
001288           80 00 00 f2 fe fc 47 f7                            b761  (ST.SPIL r2, [sp, #-260])    
001296           80 00 00 f2 fe c8 47 f7                            b766  (ST.SPIL r2, [sp, #-312])    
001304           80 00 00 f2 fe 94 47 f7                            b771  (ST.SPIL r2, [sp, #-364])    
001312           80 00 00 f2 fe 60 47 f7                            b776  (ST.SPIL r2, [sp, #-416])    
001320           80 00 00 f2 fe 2c 47 f7                            b780  (ST.SPIL r2, [sp, #-468])    
001328           80 00 00 d4 fd c4 47 f7                            b788  (ST.SPIL ch4, [sp, #-572])   
001336           80 00 00 d4 fd 5c 47 f7                            b796  (ST.SPIL ch4, [sp, #-676])   
001344           80 00 00 d4 fc f4 47 f7                            b804  (ST.SPIL ch4, [sp, #-780])   
001352           80 00 00 f2 fd fc 47 f7                            b785  (ST.SPIL r2, [sp, #-516])    
001360           80 00 00 f2 ff 34 47 f7                            b757  (ST.SPIL r2, [sp, #-204])    
001368           80 00 00 f2 ff 00 47 f7                            b762  (ST.SPIL r2, [sp, #-256])    
001376           80 00 00 f2 fe cc 47 f7                            b767  (ST.SPIL r2, [sp, #-308])    
001384           80 00 00 f2 fe 98 47 f7                            b772  (ST.SPIL r2, [sp, #-360])    
001392           80 00 00 f2 fe 64 47 f7                            b777  (ST.SPIL r2, [sp, #-412])    
001400           3a 00 00 00 10 00 00 0f 2f e3 04 3f                b7564 (MOV.s10 r2, #0)              b781  (ST.SPIL r2, [sp, #-464])    
001412           80 00 00 d4 fd c8 47 f7                            b789  (ST.SPIL ch4, [sp, #-568])   
001420           80 00 00 d4 fd 60 47 f7                            b797  (ST.SPIL ch4, [sp, #-672])   
001428           80 00 00 d4 fc f8 47 f7                            b805  (ST.SPIL ch4, [sp, #-776])   
001436           af b4 50 03                                        b667  (ST r13, [p2], #4)           
001440           00 00 1a c0 30 00 00 0f af dd c4 3f                b7567 (MOV.s9 r10, #1)              b812  (ST.SPIL r10, [sp, #-548])   
001452           80 00 00 d2 ff 14 47 f7                            b806  (ST.SPIL ch2, [sp, #-236])   
001460           80 00 00 d9 fe e0 47 f7                            b807  (ST.SPIL cl1, [sp, #-288])   
001468           80 00 00 da fe ac 47 f7                            b808  (ST.SPIL cl2, [sp, #-340])   
001476           80 00 00 d1 fe 78 47 f7                            b809  (ST.SPIL ch1, [sp, #-392])   
001484           80 00 00 f6 fe 44 47 f7                            b810  (ST.SPIL r6, [sp, #-444])    
001492           80 00 00 d3 fe 10 47 f7                            b811  (ST.SPIL ch3, [sp, #-496])   
001500           80 00 00 d0 fd a8 47 f7                            b813  (ST.SPIL ch0, [sp, #-600])   
001508           80 00 00 db fd 40 47 f7                            b815  (ST.SPIL cl3, [sp, #-704])   
001516           80 00 00 d8 fc d8 47 f7                            b817  (ST.SPIL cl0, [sp, #-808])   
001524           00 00 00 00 10 00 00 0f df f7 84 3f                b7456 (ST.SPIL r13, [sp, #-136])   
001536           00 00 00 00 10 00 00 0c 8f fd c4 80 00 00 00 00    b7462 (ST.SPIL lr, [sp, #-36])     
001552  m3224  1 00 00 36 df 50 00 00 0c 74 7f 36 3f                b588  (LDB r6, [p2], #-4)           b7294 (LDA.SPIL ch1, [sp, #-104])  
001564         1 80 00 00 c7 bf f3 e7 f7                            b7295 (LDA.SPIL p7, [sp, #-100])   
001572         1 80 00 00 c7 63 f4 67 f7                            b7296 (LDA.SPIL cl0, [sp, #-96])   
001580         1 80 00 00 c7 bb f4 e7 f7                            b7297 (LDA.SPIL p6, [sp, #-92])    
001588         1 58 fa b8 03                                        b7298 (LDB lr, [sp, #-88])         
001592         1 00 01                                              NOP
001594         1 00 01                                              NOP
001596         1 00 00 00 03                                        NOP
001600         1 80 00 00 80 c0 ad 07 f7                            b589  (BEQZ r6,#0)                 
001608         1 80 00 00 c7 b3 f6 e7 f7                            b7309 (LDA.SPIL p4, [sp, #-76])    
001616         1 80 00 00 c7 af f7 67 f7                            b7310 (LDA.SPIL p3, [sp, #-72])    
001624         1 80 00 00 c7 43 f8 67 f7                            b7312 (LDA.SPIL ch0, [sp, #-64])   
001632         1 80 00 00 ea ff 94 47 f7                            b7249 (ST.SPIL p2, [sp, #-108])    
001640         1 80 00 00 f6 ff 58 47 f7                            b7250 (ST.SPIL r6, [sp, #-168])    
001648  m3399  1 80 00 00 c7 ab f7 e7 f7                            b7311 (LDA.SPIL p2, [sp, #-68])    
001656         1 80 00 00 e9 ff 8c 47 f7                            b7172 (ST.SPIL p1, [sp, #-116])    
001664         1 80 00 00 d1 ff 7c 47 f7                            b7167 (ST.SPIL ch1, [sp, #-132])   
001672         1 80 00 00 ec ff 50 47 f7                            b7173 (ST.SPIL p4, [sp, #-176])    
001680         1 80 00 00 eb ff 44 47 f7                            b7174 (ST.SPIL p3, [sp, #-188])    
001688         1 80 00 00 d0 ff 90 47 f7                            b7176 (ST.SPIL ch0, [sp, #-112])   
001696         1 80 00 00 ef ff 80 47 f7                            b7168 (ST.SPIL p7, [sp, #-128])    
001704         1 80 00 00 d8 ff 4c 47 f7                            b7169 (ST.SPIL cl0, [sp, #-180])   
001712         1 80 00 00 ea ff 5c 47 f7                            b7175 (ST.SPIL p2, [sp, #-164])    
001720         1 80 00 00 ee ff 84 47 f7                            b7170 (ST.SPIL p6, [sp, #-124])    
001728         1 00 00 00 00 10 00 00 0c 8f f8 84 80 00 00 00 00    b7171 (ST.SPIL lr, [sp, #-120])    
001744  m91    2 14 03 30 03                                        b587  (ACQ r3, #1, r0)             
001748  m97    2 00 01                                              NOP
001750         2 00 01                                              NOP
001752         2 00 01                                              NOP
001754         2 14 01 30 03                                        b586  (ACQ r1, #1, r0)             
001758  m103   2 00 01                                              NOP
001760         2 00 01                                              NOP
001762         2 00 01                                              NOP
001764         2 14 0e 30 03                                        b585  (ACQ r14, #1, r0)            
001768  m109   2 00 01                                              NOP
001770         2 00 01                                              NOP
001772         2 00 01                                              NOP
001774         2 14 02 30 03                                        b584  (ACQ r2, #1, r0)             
001778  m115   2 00 01                                              NOP
001780         2 00 01                                              NOP
001782         2 00 01                                              NOP
001784         2 14 0f 30 03                                        b583  (ACQ r15, #1, r0)            
001788  m121   2 00 01                                              NOP
001790         2 00 01                                              NOP
001792         2 00 01                                              NOP
001794         2 14 05 30 03                                        b582  (ACQ r5, #1, r0)             
001798  m127   2 00 01                                              NOP
001800         2 00 01                                              NOP
001802         2 00 01                                              NOP
001804         2 14 07 30 03                                        b581  (ACQ r7, #1, r0)             
001808  m133   2 00 01                                              NOP
001810         2 00 01                                              NOP
001812         2 00 01                                              NOP
001814         2 14 d8 30 03                                        b580  (ACQ r8, #1, r13)            
001818  m139   2 00 01                                              NOP
001820         2 00 01                                              NOP
001822         2 00 01                                              NOP
001824         2 14 dc 30 03                                        b579  (ACQ r12, #1, r13)           
001828  m145   2 00 01                                              NOP
001830         2 00 01                                              NOP
001832         2 00 01                                              NOP
001834         2 14 d9 30 03                                        b578  (ACQ r9, #1, r13)            
001838  m151   2 00 01                                              NOP
001840         2 00 01                                              NOP
001842         2 00 01                                              NOP
001844         2 14 db 30 03                                        b577  (ACQ r11, #1, r13)           
001848  m155   2 00 01                                              NOP
001850         2 00 01                                              NOP
001852         2 00 01                                              NOP
001854         2 14 d4 30 03                                        b576  (ACQ r4, #1, r13)            
001858  m636   2 00 01                                              .swstall "mem_acquire0"
001860         2 00 01                                              .swstall "mem_acquire0"
001862         2 00 01                                              .swstall "mem_acquire0"
001864         2 80 00 00 c8 ff f8 47 f7                            b5044 (ST.SPIL lr, [sp, #-8])      
001872         2 80 00 00 ef ff ec 47 f7                            b3869 (ST.SPIL p7, [sp, #-20])     
001880         2 ad df e8 a0 20 00 07 f7                            b575  (JAL #0)                      b3871 (ST.SPIL p6, [sp, #-12])     
001888         2 5a 7f f0 00 00 24 5e f7                            b3873 (ST.SPIL p1, [sp, #-4])       b5035 (MOV p7, cl0)                
001896         2 0d b7 18 03                                        b7547 (MOV p6, p5)                 
001900         2 5b ff c0 00 00 20 de f7                            b3870 (ST.SPIL p7, [sp, #-16])      b5017 (MOV p7, ch1)                
001908         2 5b ff a0 00 00 20 52 f7                            b3868 (ST.SPIL p7, [sp, #-24])      b5054 (MOV p1, ch0)                
001916         2 0d 17 98 03                                        b7546 (MOV p7, p0)                 
001920  m165   2 00 00 30 1f 08 00 7a 77                            b5148 (MOV.s12 r13, #0)             b5131 (MOV.s8 r12, #1)             
001928         2 00 01                                              NOP
001930         2 00 01                                              NOP
001932         2 80 00 00 c7 e7 e8 67 f7                            b6573 (LDA.SPIL r9, [sp, #-192])   
001940         2 80 00 00 c7 cb e9 67 f7                            b3997 (LDA.SPIL r2, [sp, #-184])   
001948         2 80 00 00 c7 df ea e7 f7                            b4037 (LDA.SPIL r7, [sp, #-172])   
001956         2 80 00 00 c7 d7 ef 67 f7                            b4079 (LDA.SPIL r5, [sp, #-136])   
001964         2 80 00 00 c7 ff ec 67 f7                            b4123 (LDA.SPIL r15, [sp, #-160])  
001972         2 80 00 00 c7 fb ee e7 f7                            b4169 (LDA.SPIL r14, [sp, #-140])  
001980         2 80 00 00 c7 e3 ec e7 f7                            b4217 (LDA.SPIL r8, [sp, #-156])   
001988         2 80 00 00 c7 db ed 67 f7                            b4262 (LDA.SPIL r6, [sp, #-152])   
001996         2 16 d9 30 03                                        b574  (REL r9, #1, r13)            
002000         2 80 00 00 c7 e7 ed e7 f7                            b4307 (LDA.SPIL r9, [sp, #-148])   
002008         2 80 00 00 c7 c7 ee 67 f7                            b4352 (LDA.SPIL r1, [sp, #-144])   
002016  m171   2 00 01                                              NOP
002018         2 16 d2 30 03                                        b573  (REL r2, #1, r13)            
002022  m177   2 00 01                                              NOP
002024         2 00 01                                              NOP
002026         2 00 01                                              NOP
002028         2 16 d7 30 03                                        b572  (REL r7, #1, r13)            
002032  m183   2 00 01                                              NOP
002034         2 00 01                                              NOP
002036         2 00 01                                              NOP
002038         2 16 d5 30 03                                        b571  (REL r5, #1, r13)            
002042  m189   2 00 01                                              NOP
002044         2 00 01                                              NOP
002046         2 00 01                                              NOP
002048         2 16 df 30 03                                        b570  (REL r15, #1, r13)           
002052  m195   2 00 01                                              NOP
002054         2 00 01                                              NOP
002056         2 00 01                                              NOP
002058         2 16 de 30 03                                        b569  (REL r14, #1, r13)           
002062  m201   2 00 01                                              NOP
002064         2 00 01                                              NOP
002066         2 00 01                                              NOP
002068         2 16 d8 30 03                                        b568  (REL r8, #1, r13)            
002072  m207   2 00 01                                              NOP
002074         2 00 01                                              NOP
002076         2 00 01                                              NOP
002078         2 16 c6 30 03                                        b567  (REL r6, #1, r12)            
002082  m213   2 00 01                                              NOP
002084         2 00 01                                              NOP
002086         2 00 01                                              NOP
002088         2 16 c9 30 03                                        b566  (REL r9, #1, r12)            
002092  m219   2 00 01                                              NOP
002094         2 00 01                                              NOP
002096         2 00 01                                              NOP
002098         2 16 c1 30 03                                        b565  (REL r1, #1, r12)            
002102  m225   2 00 01                                              NOP
002104         2 00 01                                              NOP
002106         2 00 01                                              NOP
002108         2 16 cb 30 03                                        b564  (REL r11, #1, r12)           
002112  m229   2 eb 05                                              b6533 (MOV r0, r10)                
002114         2 00 01                                              NOP
002116         2 00 01                                              NOP
002118         2 16 c4 30 03                                        b563  (REL r4, #1, r12)            
002122  m3374  2 6d f9 19 c4 a8 13 74 04 0f c0 00 3f                b6023 (MOV.s9 r9, #37)              b6095 (MOV.s12 r10, #38)            b4932 (LDA.SPIL p5, [sp, #-112])    b5327 (MOV.u20 r15, #0)            
002134         2 6b f4 5e c4 68 11 78 04 0e c0 00 3f                b5927 (MOV.s9 r14, #35)             b5903 (MOV.s12 r12, #34)            b4842 (LDA.SPIL p3, [sp, #-188])    b5351 (MOV.u20 r11, #0)            
002146         2 6c f8 9b c4 e3 ff 6c 04 0f c0 00 3f                b6119 (MOV.s9 r11, #39)             b493  (ITE_NEZ r6, r11, r15, r0)    b4702 (LDA.SPIL p4, [sp, #-120])    b5471 (MOV.u20 r15, #0)            
002158         2 69 f4 d5 c5 23 d7 56 04 0e 00 00 3f                b6215 (MOV.s9 r5, #41)              b509  (ITE_EQZ r11, r10, r11, r0)   b4566 (LDA.SPIL p1, [sp, #-180])    b5495 (MOV.u20 r8, #0)             
002170         2 6f f8 c4 56 e3 ff 1e 04 0e 00 00 3f                b513  (PADDB [p7], #24)             b496  (ITE_NEZ r15, r8, r15, r0)    b4752 (LDA.SPIL p7, [sp, #-116])    b5231 (MOV.u20 r8, #0)             
002182         2 6a f5 de c5 03 dd 98 04 0e 80 00 3f                b6191 (MOV.s9 r14, #40)             b505  (ITE_EQZ r12, r12, r14, r0)   b4887 (LDA.SPIL p2, [sp, #-164])    b5255 (MOV.u20 r10, #0)            
002194         2 08 ad 92 c0 cb e7 b6 7a a2 06 fa 1f                b518  (PADDA [p6], #24)             b5711 (MOV.s9 r2, #6)               b491  (ITE_EQZ r8, r8, r10, r0)     b6301 (ST.SPIL r12, [sp, #-148])    b7537 (MOV p0, p7)                 
002206         2 af 17 40 40 e8 00 07 f7                            b525  (ST r8, [p0], #-12)           b5855 (MOV.u20 r10, #0)            
002214         2 08 ad 40 00 15 e2 f8 04 0d c0 00 3f                b514  (PADDA [p5], #24)             b526  (ST r8, [p0], #-4)            b5879 (MOV.u20 r7, #0)             
002226         2 08 ac d7 c4 83 cf 54 04 0d 00 00 3f                b516  (PADDA [p3], #24)             b5999 (MOV.s9 r7, #36)              b504  (ITE_EQZ r10, r10, r7, r0)    b6143 (MOV.u20 r4, #0)             
002238         2 08 ad 2b fb eb b5 da 7d e6 40 00 1f                b520  (PADDA [p4], #24)             b4430 (LDB p5, [sp, #-132])         b528  (ST r6, [p5], #-12)           b507  (ITE_NEZ r9, r9, r7, r0)     
002250         2 08 ac 69 fa 95 da fd 04 0c 40 00 3f                b522  (PADDA [p1], #24)             b4797 (LDB p4, [sp, #-176])         b529  (ST r6, [p5], #-4)            b5447 (MOV.u20 r1, #0)             
002262         2 08 ad c0 00 02 f5 76 37                            b519  (PADDA [p7], #24)             b546  (ST r10, [p4], #-12)         
002270         2 08 ac 80 00 02 f5 7e 37                            b515  (PADDA [p2], #24)             b547  (ST r10, [p4], #-4)          
002278         2 ae d7 a8 40 d8 00 07 f7                            b530  (ST r6, [p5], #-8)            b6167 (MOV.u20 r6, #0)             
002286         2 00 00 0f 32 3a f5 7a 37                            b548  (ST r10, [p4], #-8)           b510  (ITE_EQZ r7, r4, r6, r0)     
002294         2 00 00 0f 2f 22 db f2 37                            b511  (ITE_EQZ r4, r14, r5, r0)     b6432 (ST.SPIL p5, [sp, #-112])    
002302         2 5f ee b0 00 00 36 80 f7                            b534  (ST r15, [p3], #-12)          b6499 (MOV ch0, p5)                
002310         2 08 ad 40 00 15 b3 e2 04 0f 80 00 3f                b524  (PADDA [p5], #24)             b6047 (MOV.u20 r14, #0)             b6371 (ST.SPIL p4, [sp, #-120])    
002322         2 08 ad 2c 7c 55 fe fb 04 0e 80 00 3f                b517  (PADDA [p4], #24)             b6507 (LDB lr, [sp, #-120])         b535  (ST r15, [p3], #-4)           b6263 (MOV.u20 r10, #0)            
002334         2 af f7 98 40 fc 00 07 f7                            b536  (ST r15, [p3], #-8)           b6071 (MOV.u20 r15, #0)            
002342         2 1e fe f0 40 f8 00 07 f7                            b508  (ITE_EQZ r15, r14, r15, r0)   b6239 (MOV.u20 r14, #0)            
002350         2 6f f8 0f f5 72 ff 74 b7                            b552  (ST r15, [p1], #-12)          b512  (ITE_NEZ r14, r10, r14, r0)   b4498 (LDA.SPIL p7, [sp, #-128])   
002358         2 af f7 c8 40 e8 00 07 f7                            b553  (ST r15, [p1], #-4)           b5759 (MOV.u20 r10, #0)            
002366         2 af f7 88 40 fc 00 07 f7                            b554  (ST r15, [p1], #-8)           b5783 (MOV.u20 r15, #0)            
002374         2 6e f8 4f 7d 52 fd 76 b7                            b558  (ST r14, [p5], #-12)          b502  (ITE_EQZ r10, r10, r15, r0)   b4634 (LDA.SPIL p6, [sp, #-124])   
002382         2 5f af d0 00 00 34 90 f7                            b559  (ST r14, [p5], #-4)           b6543 (MOV cl0, p1)                
002390         2 00 00 35 fa cb f5 ea 00 00 06 fa 5f                b4978 (LDB r5, [sp, #-168])         b560  (ST r14, [p5], #-8)           b7536 (MOV p1, p7)                 
002402         2 af 17 80 40 fc 00 07 f7                            b527  (ST r8, [p0], #-8)            b5567 (MOV.u20 r15, #0)            
002410         2 ad be f8 40 d4 00 07 f7                            b5591 (MOV.u20 r5, #0)              b6339 (ST.SPIL p5, [sp, #-132])    
002418         2 08 ad c0 00 0b d5 d2 7f d7 c6 d0 5f                b523  (PADDA [p7], #24)             b543  (ST r10, [p1], #-12)          b498  (ITE_NEZ r15, r5, r15, r0)    b6476 (MOV ch1, p5)                
002430         2 5e af 90 00 00 37 5a f7                            b544  (ST r10, [p1], #-4)           b7535 (MOV p5, p6)                 
002438         2 af 57 88 40 f8 00 07 f7                            b545  (ST r10, [p1], #-8)           b5663 (MOV.u20 r14, #0)            
002446         2 08 ad 80 00 15 de ef 04 0d 40 00 3f                b521  (PADDA [p6], #24)             b555  (ST r7, [p7], #-12)           b5687 (MOV.u20 r5, #0)             
002458         2 1e 5e e0 40 e0 00 07 f7                            b500  (ITE_EQZ r14, r14, r5, r0)    b5423 (MOV.u20 r8, #0)             
002466         2 1e 18 80 40 d8 00 07 f7                            b495  (ITE_EQZ r8, r8, r1, r0)      b5951 (MOV.u20 r6, #0)             
002474         2 af 17 50 40 c4 00 07 f7                            b531  (ST r8, [p2], #-12)           b5975 (MOV.u20 r1, #0)             
002482         2 5e 2f a3 c2 d5 99 6c f7                            b532  (ST r8, [p2], #-4)            b506  (ITE_EQZ r10, r6, r1, r0)     b5807 (MOV.s8 r6, #50)             
002490         2 00 00 20 67 c2 f1 79 37                            b533  (ST r8, [p2], #-8)            b5831 (MOV.s12 r8, #51)            
002498         2 00 00 0f b4 42 ff 76 37                            b537  (ST r15, [p4], #-12)          b503  (ITE_NEZ r8, r8, r6, r0)     
002506         2 00 00 1d ae b2 ef 7f b7                            b556  (ST r7, [p7], #-4)            b489  (LT r6, r13, r5)             
002514         2 00 00 15 c2 6b bd ee c5 95 b0 7d df                b5399 (MOV.s9 r5, #19)              b557  (ST r7, [p7], #-8)            b561  (SUB r6, r5, r6)              b5735 (MOV.s8 r7, #7)              
002526         2 00 00 0f 39 3a ff 7e 37                            b538  (ST r15, [p4], #-4)           b501  (ITE_EQZ r7, r2, r7, r0)     
002534         2 00 00 0d 38 12 fd 76 b7                            b540  (ST r14, [p5], #-12)          b488  (NEZ r2, r0)                 
002542         2 af 57 70 03                                        b549  (ST r10, [p6], #-12)         
002546         2 00 00 20 25 fa ff 7a 37                            b539  (ST r15, [p4], #-8)           b5375 (MOV.s12 r15, #18)           
002554         2 af d7 e8 03                                        b541  (ST r14, [p5], #-4)          
002558         2 af 57 f0 03                                        b550  (ST r10, [p6], #-4)          
002562         2 00 00 15 c0 ab f5 ea 7f d7 b0 4f df                b5639 (MOV.s9 r5, #5)               b542  (ST r14, [p5], #-8)           b494  (ITE_NEZ r14, r5, r15, r0)    b5615 (MOV.s8 r15, #4)             
002574         2 af 57 b0 03                                        b551  (ST r10, [p6], #-8)          
002578         2 80 00 00 fe ff 54 47 f7                            b4034 (ST.SPIL r14, [sp, #-172])   
002586         2 80 00 00 f2 ff 78 47 f7                            b4075 (ST.SPIL r2, [sp, #-136])    
002594         2 80 00 00 f7 ff 64 47 f7                            b4210 (ST.SPIL r7, [sp, #-156])    
002602         2 80 00 00 f8 ff 68 47 f7                            b6294 (ST.SPIL r8, [sp, #-152])    
002610         2 80 00 00 f9 ff 70 47 f7                            b6310 (ST.SPIL r9, [sp, #-144])    
002618         2 80 00 00 ef ff 80 47 f7                            b6347 (ST.SPIL p7, [sp, #-128])    
002626         2 80 00 00 e9 ff 8c 47 f7                            b6379 (ST.SPIL p1, [sp, #-116])    
002634         2 80 00 00 ec ff 50 47 f7                            b6394 (ST.SPIL p4, [sp, #-176])    
002642         2 80 00 00 eb ff 44 47 f7                            b6409 (ST.SPIL p3, [sp, #-188])    
002650         2 80 00 00 ea ff 5c 47 f7                            b6424 (ST.SPIL p2, [sp, #-164])    
002658         2 80 00 00 f6 ff 58 47 f7                            b6461 (ST.SPIL r6, [sp, #-168])    
002666         2 ab 1e 98 90 c0 6d 07 f7                            b562  (BNEZ r6,#0)                  b6551 (ST.SPIL cl0, [sp, #-180])   
002674         2 00 00 11 c0 6b 77 c2 7f d5 70 2f df                b5543 (MOV.s9 r1, #3)               b499  (ITE_NEZ r5, r5, r15, r0)     b5519 (MOV.s8 r15, #2)              b6363 (ST.SPIL p6, [sp, #-124])    
002686         2 00 00 13 c4 0b af ba 7f c7 f2 1c 5f                b5183 (MOV.s9 r3, #32)              b497  (ITE_NEZ r15, r1, r15, r0)    b4163 (ST.SPIL r5, [sp, #-140])     b5207 (MOV.s8 r1, #33)             
002698         2 00 00 1a c2 0b ff b0 7c c4 f1 1c 5f                b5279 (MOV.s9 r10, #16)             b490  (ITE_NEZ r3, r1, r3, r0)      b4118 (ST.SPIL r15, [sp, #-160])    b5303 (MOV.s8 r1, #17)             
002710         2 5c fd 03 c3 43 80 f4 f7                            b492  (ITE_EQZ r1, r10, r1, r0)     b5099 (MOV.s8 r10, #1)              b6572 (ST.SPIL r3, [sp, #-192])    
002718         2 5c 7d 26 21 55 80 e0 f7                            b487  (SUB r10, r10, r0)            b3995 (ST.SPIL r1, [sp, #-184])     b7561 (MOV.s8 r0, #1)              
002726  m3398  1 80 00 00 a0 00 ae 07 f7                            b486  (J #0)                       
002734         1 80 00 00 c7 ab f2 e7 f7                            b7293 (LDA.SPIL p2, [sp, #-108])   
002742         1 80 00 00 c7 a7 f5 e7 f7                            b7303 (LDA.SPIL p1, [sp, #-84])    
002750         1 80 00 00 c7 b7 f6 67 f7                            b7308 (LDA.SPIL p5, [sp, #-80])    
002758         1 80 00 00 c7 a3 f8 e7 f7                            b7317 (LDA.SPIL p0, [sp, #-60])    
002766         1 00 01                                              .swstall "delay_slot"
002768  m10    1 00 00 00 00 10 00 00 0c 7a bf 2e 80 00 00 00 00    b7429 (LDA.SPIL p2, [sp, #-108])   
002784  m3401  1 00 01                                              .swstall "chess_separator_scheduler"
002786         1 00 01                                              .swstall "chess_separator_scheduler"
002788         1 00 01                                              .swstall "chess_separator_scheduler"
002790         1 00 01                                              .swstall "chess_separator_scheduler"
002792         1 00 01                                              .swstall "chess_separator_scheduler"
002794         1 00 01                                              .swstall "chess_separator_scheduler"
002796         1 00 01                                              .swstall "chess_separator_scheduler"
002798         1 00 01                                              .swstall "chess_separator_scheduler"
002800  m236   1 04 00 20 03                                        b485  (EVENT #2)                   
002804  m3403  1 00 01                                              .swstall "chess_separator_scheduler"
002806         1 00 01                                              .swstall "chess_separator_scheduler"
002808         1 00 01                                              .swstall "chess_separator_scheduler"
002810         1 00 01                                              .swstall "chess_separator_scheduler"
002812         1 00 01                                              .swstall "chess_separator_scheduler"
002814  m1254  1 76 a2 80 00 00 00 00 37                            b482  (LDA r6, [p2], #4)           
002822         1 00 01                                              NOP
002824         1 00 01                                              NOP
002826         1 00 01                                              NOP
002828         1 00 01                                              NOP
002830         1 00 01                                              NOP
002832         1 00 01                                              NOP
002834         1 00 01                                              NOP
002836         1 3a 6d 60 03                                        b483  (GE r6, r13, r6)             
002840         1 80 00 00 90 c0 61 07 f7                            b484  (BNEZ r6,#0)                 
002848         1 00 01                                              .swstall "delay_slot"
002850         1 00 01                                              .swstall "delay_slot"
002852         1 00 01                                              .swstall "delay_slot"
002854         1 00 01                                              .swstall "delay_slot"
002856         1 00 01                                              .swstall "delay_slot"
002858  m240     7a fc f0 0c 0e 60 40 77                            b7530 (MOV.s12 m0, #-832)           b7430 (LDA.SPIL r10, [sp, #-52])    b7531 (MOV.s8 r0, #0)              
002866           80 00 00 c7 ef f9 67 f7                            b7431 (LDA.SPIL r11, [sp, #-56])   
002874           80 00 00 c7 d3 fb 67 f7                            b7432 (LDA.SPIL r4, [sp, #-40])    
002882           80 00 00 c7 bb fa e7 f7                            b7433 (LDA.SPIL p6, [sp, #-44])    
002890           80 00 00 c7 bf fa 67 f7                            b7434 (LDA.SPIL p7, [sp, #-48])    
002898           58 fd f8 03                                        b7463 (LDB lr, [sp, #-36])         
002902           08 90 00 00 00 00 00 37                            b480  (PADDA [sp], m0)             
002910           00 01                                              NOP
002912           00 01                                              NOP
002914           00 01                                              NOP
002916           00 01                                              NOP
002918           00 01                                              NOP
002920           00 01                                              NOP
002922           00 01                                              NOP
002924           01 01                                              b481  (RET lr)                     
002926           00 01                                              .swstall "delay_slot"
002928           00 01                                              .swstall "delay_slot"
002930           00 01                                              .swstall "delay_slot"
002932           00 01                                              .swstall "delay_slot"
002934           00 01                                              .swstall "delay_slot"
